<html>
<body>
<pre>
<h1>礦ision Build Log</h1>
<h2>Tool Versions:</h2>
IDE-Version: μVision V5.20.0.0
Copyright (C) 2016 ARM Ltd and ARM Germany GmbH. All rights reserved.
License Information: JICI YANG, HP Inc., LIC=RC93N-YKBF3-016P1-CNQKE-N60J4-ZYQS4
 
Tool Versions:
Toolchain:       MDK-ARM Plus  Version: 5.20
Toolchain Path:  C:\Keil_v5\ARM\ARMCC\Bin
C Compiler:      Armcc.exe V5.06 update 2 (build 183)
Assembler:       Armasm.exe V5.06 update 2 (build 183)
Linker/Locator:  ArmLink.exe V5.06 update 2 (build 183)
Library Manager: ArmAr.exe V5.06 update 2 (build 183)
Hex Converter:   FromElf.exe V5.06 update 2 (build 183)
CPU DLL:         SARMCM3.DLL V5.20
Dialog DLL:      DCM.DLL V1.13.7.0
Target DLL:      STLink\ST-LINKIII-KEIL_SWO.dll V2.0.18.0
Dialog DLL:      TCM.DLL V1.14.9.0
 
<h2>Project:</h2>
C:\Users\3wish\Desktop\303\三参\keil血氧\血氧（脉率，血氧饱和度，血氧信号，手指连接，探头连接状态）\Project\STM32KeilPrj.uvprojx
Project File Date:  03/15/2026

<h2>Output:</h2>
*** Using Compiler 'V5.06 update 2 (build 183)', folder: 'C:\Keil_v5\ARM\ARMCC\Bin'
Rebuild target 'Target 1'
compiling ProcHostCmd.c...
compiling SendDataToHost.c...
compiling Queue.c...
compiling PackUnpack.c...
compiling LED.c...
compiling Main.c...
..\App\Main\Main.c(148): warning:  #177-D: variable "adcData" was declared but never referenced
  	u16 adcData;      //??????
..\App\Main\Main.c(129): warning:  #177-D: function "Proc500usTask" was declared but never referenced
  static  void  Proc500usTask(void)
..\App\Main\Main.c: 2 warnings, 0 errors
compiling RCC.c...
compiling Timer.c...
compiling spo2check.c...
compiling ECG.c...
compiling Filiter.c...
..\App\Filiter\Filiter.c(104): warning:  #177-D: variable "i" was declared but never referenced
      u8 i = 0;
..\App\Filiter\Filiter.c: 1 warning, 0 errors
compiling Wave.c...
compiling U16Queue.c...
compiling DAC.c...
compiling ADC.c...
compiling UART1.c...
compiling misc.c...
compiling stm32f10x_gpio.c...
compiling stm32f10x_rcc.c...
compiling stm32f10x_flash.c...
compiling stm32f10x_usart.c...
compiling stm32f10x_adc.c...
compiling stm32f10x_dac.c...
compiling NVIC.c...
compiling core_cm3.c...
compiling SysTick.c...
compiling stm32f10x_tim.c...
assembling startup_stm32f10x_hd.s...
compiling stm32f10x_dma.c...
compiling stm32f10x_it.c...
compiling system_stm32f10x.c...
linking...
Program Size: Code=16272 RO-data=760 RW-data=280 ZI-data=13792  
FromELF: creating hex file...
".\Objects\STM32KeilPrj.axf" - 0 Error(s), 3 Warning(s).

<h2>Collection of Component include folders:</h2>
  C:\Users\3wish\Desktop\303\三参\keil血氧\血氧（脉率，血氧饱和度，血氧信号，手指连接，探头连接状态）\Project\RTE
  C:\Keil_v5\ARM\PACK\Keil\STM32F1xx_DFP\2.1.0\Device\Include

<h2>Collection of Component Files used:</h2>
Build Time Elapsed:  00:00:01
</pre>
</body>
</html>
