Component: ARM Compiler 5.06 update 2 (build 183) Tool: armlink [4d35b7]

==============================================================================

Section Cross References

    main.o(i.InitHardware) refers to system_stm32f10x.o(i.SystemInit) for SystemInit
    main.o(i.InitHardware) refers to rcc.o(i.InitRCC) for InitRCC
    main.o(i.InitHardware) refers to nvic.o(i.InitNVIC) for InitNVIC
    main.o(i.InitHardware) refers to uart1.o(i.InitUART1) for InitUART1
    main.o(i.InitHardware) refers to timer.o(i.InitTimer) for InitTimer
    main.o(i.InitHardware) refers to led.o(i.InitLED) for InitLED
    main.o(i.InitHardware) refers to systick.o(i.InitSysTick) for InitSysTick
    main.o(i.InitHardware) refers to dac.o(i.InitDAC) for InitDAC
    main.o(i.InitHardware) refers to adc.o(i.InitADC) for InitADC
    main.o(i.InitHardware) refers to ecg.o(i.Init_ECG) for Init_ECG
    main.o(i.InitHardware) refers to spo2check.o(i.Init_SPO2) for Init_SPO2
    main.o(i.InitSoftware) refers to packunpack.o(i.InitPackUnpack) for InitPackUnpack
    main.o(i.InitSoftware) refers to senddatatohost.o(i.InitSendDataToHost) for InitSendDataToHost
    main.o(i.Proc1SecTask) refers to timer.o(i.Get1SecFlag) for Get1SecFlag
    main.o(i.Proc1SecTask) refers to spo2check.o(i.FINGERtest) for FINGERtest
    main.o(i.Proc1SecTask) refers to printf5.o(i.__0printf$5) for __2printf
    main.o(i.Proc1SecTask) refers to timer.o(i.Clr1SecFlag) for Clr1SecFlag
    main.o(i.Proc1SecTask) refers to main.o(.data) for redavg
    main.o(i.Proc2msTask) refers to timer.o(i.Get2msFlag) for Get2msFlag
    main.o(i.Proc2msTask) refers to stm32f10x_gpio.o(i.GPIO_ResetBits) for GPIO_ResetBits
    main.o(i.Proc2msTask) refers to stm32f10x_gpio.o(i.GPIO_SetBits) for GPIO_SetBits
    main.o(i.Proc2msTask) refers to spo2check.o(i.GetIRDA) for GetIRDA
    main.o(i.Proc2msTask) refers to stm32f10x_dac.o(i.DAC_SetChannel1Data) for DAC_SetChannel1Data
    main.o(i.Proc2msTask) refers to ffltui.o(.text) for __aeabi_ui2f
    main.o(i.Proc2msTask) refers to filiter.o(i.MovingAverageFilter_Pro) for MovingAverageFilter_Pro
    main.o(i.Proc2msTask) refers to ffixui.o(.text) for __aeabi_f2uiz
    main.o(i.Proc2msTask) refers to filiter.o(i.FilterPro) for FilterPro
    main.o(i.Proc2msTask) refers to fadd.o(.text) for __aeabi_fadd
    main.o(i.Proc2msTask) refers to ecg.o(i.FIRFilterECG) for FIRFilterECG
    main.o(i.Proc2msTask) refers to spo2check.o(i.min) for min
    main.o(i.Proc2msTask) refers to spo2check.o(i.max) for max
    main.o(i.Proc2msTask) refers to spo2check.o(i.GetIRavg) for GetIRavg
    main.o(i.Proc2msTask) refers to spo2check.o(i.GetRedDA) for GetRedDA
    main.o(i.Proc2msTask) refers to spo2check.o(i.GetREDavg) for GetREDavg
    main.o(i.Proc2msTask) refers to ecg.o(i.detect_peak) for detect_peak
    main.o(i.Proc2msTask) refers to ecg.o(i.calc_pulse_rate) for calc_pulse_rate
    main.o(i.Proc2msTask) refers to spo2check.o(i.calc_spo2) for calc_spo2
    main.o(i.Proc2msTask) refers to printf5.o(i.__0printf$5) for __2printf
    main.o(i.Proc2msTask) refers to spo2check.o(i.RESETdata) for RESETdata
    main.o(i.Proc2msTask) refers to led.o(i.LEDFlicker) for LEDFlicker
    main.o(i.Proc2msTask) refers to timer.o(i.Clr2msFlag) for Clr2msFlag
    main.o(i.Proc2msTask) refers to main.o(.data) for led_state
    main.o(i.Proc2msTask) refers to adc.o(.data) for s_arrADC1Data
    main.o(i.Proc2msTask) refers to spo2check.o(.bss) for IR_movingFilter
    main.o(i.Proc500usTask) refers to timer.o(i.Get500usFlag) for Get500usFlag
    main.o(i.Proc500usTask) refers to timer.o(i.Clr500usFlag) for Clr500usFlag
    main.o(i.main) refers to main.o(i.InitSoftware) for InitSoftware
    main.o(i.main) refers to main.o(i.InitHardware) for InitHardware
    main.o(i.main) refers to spo2check.o(i.RoughAdj) for RoughAdj
    main.o(i.main) refers to printf5.o(i.__0printf$5) for __2printf
    main.o(i.main) refers to main.o(i.Proc2msTask) for Proc2msTask
    main.o(i.main) refers to main.o(i.Proc1SecTask) for Proc1SecTask
    led.o(i.ConfigLEDGPIO) refers to stm32f10x_rcc.o(i.RCC_APB2PeriphClockCmd) for RCC_APB2PeriphClockCmd
    led.o(i.ConfigLEDGPIO) refers to stm32f10x_gpio.o(i.GPIO_Init) for GPIO_Init
    led.o(i.ConfigLEDGPIO) refers to stm32f10x_gpio.o(i.GPIO_WriteBit) for GPIO_WriteBit
    led.o(i.InitLED) refers to led.o(i.ConfigLEDGPIO) for ConfigLEDGPIO
    led.o(i.LEDFlicker) refers to stm32f10x_gpio.o(i.GPIO_ReadOutputDataBit) for GPIO_ReadOutputDataBit
    led.o(i.LEDFlicker) refers to stm32f10x_gpio.o(i.GPIO_WriteBit) for GPIO_WriteBit
    led.o(i.LEDFlicker) refers to led.o(.data) for s_iCnt
    packunpack.o(i.GetUnPackRslt) refers to packunpack.o(.bss) for s_ptPack
    packunpack.o(i.InitPackUnpack) refers to packunpack.o(.bss) for s_ptPack
    packunpack.o(i.InitPackUnpack) refers to packunpack.o(.data) for s_iPackLen
[...]
    i.ConfigDAC1                             0x08000d34   Section        0  dac.o(i.ConfigDAC1)
    ConfigDAC1                               0x08000d35   Thumb Code    82  dac.o(i.ConfigDAC1)
    i.ConfigDMA1Ch1                          0x08000d8c   Section        0  adc.o(i.ConfigDMA1Ch1)
    ConfigDMA1Ch1                            0x08000d8d   Thumb Code    82  adc.o(i.ConfigDMA1Ch1)
    i.ConfigLEADGPIO                         0x08000dec   Section        0  ecg.o(i.ConfigLEADGPIO)
    ConfigLEADGPIO                           0x08000ded   Thumb Code    38  ecg.o(i.ConfigLEADGPIO)
    i.ConfigLEDGPIO                          0x08000e18   Section        0  led.o(i.ConfigLEDGPIO)
    ConfigLEDGPIO                            0x08000e19   Thumb Code    84  led.o(i.ConfigLEDGPIO)
    i.ConfigNVIC                             0x08000e70   Section        0  nvic.o(i.ConfigNVIC)
    ConfigNVIC                               0x08000e71   Thumb Code    12  nvic.o(i.ConfigNVIC)
    i.ConfigRCC                              0x08000e7c   Section        0  rcc.o(i.ConfigRCC)
    ConfigRCC                                0x08000e7d   Thumb Code   100  rcc.o(i.ConfigRCC)
    i.ConfigSPO2GPIO                         0x08000ee0   Section        0  spo2check.o(i.ConfigSPO2GPIO)
    ConfigSPO2GPIO                           0x08000ee1   Thumb Code   102  spo2check.o(i.ConfigSPO2GPIO)
    i.ConfigTimer2                           0x08000f4c   Section        0  timer.o(i.ConfigTimer2)
    ConfigTimer2                             0x08000f4d   Thumb Code    92  timer.o(i.ConfigTimer2)
    i.ConfigTimer3                           0x08000fa8   Section        0  adc.o(i.ConfigTimer3)
    ConfigTimer3                             0x08000fa9   Thumb Code    94  adc.o(i.ConfigTimer3)
    i.ConfigTimer5                           0x0800100c   Section        0  timer.o(i.ConfigTimer5)
    ConfigTimer5                             0x0800100d   Thumb Code    90  timer.o(i.ConfigTimer5)
    i.ConfigTimer6                           0x0800106c   Section        0  timer.o(i.ConfigTimer6)
    ConfigTimer6                             0x0800106d   Thumb Code    90  timer.o(i.ConfigTimer6)
    i.ConfigUART                             0x080010cc   Section        0  uart1.o(i.ConfigUART)
    ConfigUART                               0x080010cd   Thumb Code   182  uart1.o(i.ConfigUART)
    i.DAC_Cmd                                0x08001190   Section        0  stm32f10x_dac.o(i.DAC_Cmd)
    i.DAC_Init                               0x080011b8   Section        0  stm32f10x_dac.o(i.DAC_Init)
    i.DAC_SetChannel1Data                    0x080011ec   Section        0  stm32f10x_dac.o(i.DAC_SetChannel1Data)
    i.DMA_Cmd                                0x0800120c   Section        0  stm32f10x_dma.o(i.DMA_Cmd)
    i.DMA_DeInit                             0x08001224   Section        0  stm32f10x_dma.o(i.DMA_DeInit)
    i.DMA_Init                               0x08001370   Section        0  stm32f10x_dma.o(i.DMA_Init)
    i.DeQueue                                0x080013ac   Section        0  queue.o(i.DeQueue)
    i.DebugMon_Handler                       0x080013f0   Section        0  stm32f10x_it.o(i.DebugMon_Handler)
    i.EnQueue                                0x080013f2   Section        0  queue.o(i.EnQueue)
    i.EnU16Queue                             0x0800143a   Section        0  u16queue.o(i.EnU16Queue)
    i.FINGERtest                             0x08001488   Section        0  spo2check.o(i.FINGERtest)
    i.FIRFilterECG                           0x080015b0   Section        0  ecg.o(i.FIRFilterECG)
    i.FLASH_PrefetchBufferCmd                0x08001634   Section        0  stm32f10x_flash.o(i.FLASH_PrefetchBufferCmd)
    i.FLASH_SetLatency                       0x08001650   Section        0  stm32f10x_flash.o(i.FLASH_SetLatency)
    i.FilterPro                              0x08001668   Section        0  filiter.o(i.FilterPro)
    i.FineAdj                                0x080016dc   Section        0  spo2check.o(i.FineAdj)
    i.GPIO_Init                              0x080017d8   Section        0  stm32f10x_gpio.o(i.GPIO_Init)
    i.GPIO_ReadOutputDataBit                 0x080018ee   Section        0  stm32f10x_gpio.o(i.GPIO_ReadOutputDataBit)
    i.GPIO_ResetBits                         0x08001900   Section        0  stm32f10x_gpio.o(i.GPIO_ResetBits)
    i.GPIO_SetBits                           0x08001904   Section        0  stm32f10x_gpio.o(i.GPIO_SetBits)
    i.GPIO_WriteBit                          0x08001908   Section        0  stm32f10x_gpio.o(i.GPIO_WriteBit)
    i.Get1SecFlag                            0x08001914   Section        0  timer.o(i.Get1SecFlag)
    i.Get2msFlag                             0x08001920   Section        0  timer.o(i.Get2msFlag)
    i.GetIRDA                                0x0800192c   Section        0  spo2check.o(i.GetIRDA)
    i.GetIRavg                               0x08001938   Section        0  spo2check.o(i.GetIRavg)
    i.GetREDavg                              0x08001954   Section        0  spo2check.o(i.GetREDavg)
    i.GetRedDA                               0x08001970   Section        0  spo2check.o(i.GetRedDA)
    i.Get_ADC_Num                            0x0800197c   Section        0  adc.o(i.Get_ADC_Num)
    i.HardFault_Handler                      0x08001988   Section        0  stm32f10x_it.o(i.HardFault_Handler)
    i.HighPassFilterInit                     0x0800198c   Section        0  filiter.o(i.HighPassFilterInit)
    i.InitADC                                0x08001af0   Section        0  adc.o(i.InitADC)
    i.InitDAC                                0x08001b18   Section        0  dac.o(i.InitDAC)
    i.InitHardware                           0x08001b20   Section        0  main.o(i.InitHardware)
    InitHardware                             0x08001b21   Thumb Code    52  main.o(i.InitHardware)
    i.InitLED                                0x08001b54   Section        0  led.o(i.InitLED)
    i.InitNVIC                               0x08001b5c   Section        0  nvic.o(i.InitNVIC)
    i.InitPackUnpack                         0x08001b64   Section        0  packunpack.o(i.InitPackUnpack)
    i.InitQueue                              0x08001ba8   Section        0  queue.o(i.InitQueue)
    i.InitRCC                                0x08001bcc   Section        0  rcc.o(i.InitRCC)
    i.InitSendDataToHost                     0x08001bd4   Section        0  senddatatohost.o(i.InitSendDataToHost)
    i.InitSoftware                           0x08001bd6   Section        0  main.o(i.InitSoftware)
    InitSoftware                             0x08001bd7   Thumb Code    12  main.o(i.InitSoftware)
    i.InitSysTick                            0x08001be4   Section        0  systick.o(i.InitSysTick)
    i.InitTimer                              0x08001c4c   Section        0  timer.o(i.InitTimer)
    i.InitU16Queue                           0x08001c6e   Section        0  u16queue.o(i.InitU16Queue)
    i.InitUART1                              0x08001c94   Section        0  uart1.o(i.InitUART1)
    i.InitUARTBuf                            0x08001ca4   Section        0  uart1.o(i.InitUARTBuf)
    InitUARTBuf                              0x08001ca5   Thumb Code    46  uart1.o(i.InitUARTBuf)
    i.Init_ECG                               0x08001ce4   Section        0  ecg.o(i.Init_ECG)
    i.Init_SPO2                              0x08001cec   Section        0  spo2check.o(i.Init_SPO2)
    i.JudgeReAdj                             0x08001d68   Section        0  spo2check.o(i.JudgeReAdj)
    i.LEDFlicker                             0x08001e24   Section        0  led.o(i.LEDFlicker)
    i.LowPassFilterInit                      0x08001e78   Section        0  filiter.o(i.LowPassFilterInit)
    i.MemManage_Handler                      0x08001f64   Section        0  stm32f10x_it.o(i.MemManage_Handler)
    i.MovingAverageFilter_Pro                0x08001f68   Section        0  filiter.o(i.MovingAverageFilter_Pro)
    i.MovingAverage_Init                     0x08002064   Section        0  filiter.o(i.MovingAverage_Init)
    i.NMI_Handler                            0x08002086   Section        0  stm32f10x_it.o(i.NMI_Handler)
    i.NVIC_ClearPendingIRQ                   0x08002088   Section        0  uart1.o(i.NVIC_ClearPendingIRQ)
    NVIC_ClearPendingIRQ                     0x08002089   Thumb Code    18  uart1.o(i.NVIC_ClearPendingIRQ)
    i.NVIC_Init                              0x080020a0   Section        0  misc.o(i.NVIC_Init)
    i.NVIC_PriorityGroupConfig               0x08002110   Section        0  misc.o(i.NVIC_PriorityGroupConfig)
    i.PendSV_Handler                         0x08002124   Section        0  stm32f10x_it.o(i.PendSV_Handler)
    i.Proc1SecTask                           0x08002128   Section        0  main.o(i.Proc1SecTask)
    Proc1SecTask                             0x08002129   Thumb Code    44  main.o(i.Proc1SecTask)
    i.Proc2msTask                            0x08002174   Section        0  main.o(i.Proc2msTask)
    Proc2msTask                              0x08002175   Thumb Code   496  main.o(i.Proc2msTask)
    i.QueueEmpty                             0x080023d0   Section        0  queue.o(i.QueueEmpty)
    i.RCC_ADCCLKConfig                       0x080023e0   Section        0  stm32f10x_rcc.o(i.RCC_ADCCLKConfig)
    i.RCC_AHBPeriphClockCmd                  0x080023f8   Section        0  stm32f10x_rcc.o(i.RCC_AHBPeriphClockCmd)
    i.RCC_APB1PeriphClockCmd                 0x08002418   Section        0  stm32f10x_rcc.o(i.RCC_APB1PeriphClockCmd)
    i.RCC_APB2PeriphClockCmd                 0x08002438   Section        0  stm32f10x_rcc.o(i.RCC_APB2PeriphClockCmd)
    i.RCC_DeInit                             0x08002458   Section        0  stm32f10x_rcc.o(i.RCC_DeInit)
    i.RCC_GetClocksFreq                      0x080024a4   Section        0  stm32f10x_rcc.o(i.RCC_GetClocksFreq)
    i.RCC_GetFlagStatus                      0x08002578   Section        0  stm32f10x_rcc.o(i.RCC_GetFlagStatus)
    i.RCC_GetSYSCLKSource                    0x080025b4   Section        0  stm32f10x_rcc.o(i.RCC_GetSYSCLKSource)
    i.RCC_HCLKConfig                         0x080025c4   Section        0  stm32f10x_rcc.o(i.RCC_HCLKConfig)
    i.RCC_HSEConfig                          0x080025dc   Section        0  stm32f10x_rcc.o(i.RCC_HSEConfig)
    i.RCC_PCLK1Config                        0x08002628   Section        0  stm32f10x_rcc.o(i.RCC_PCLK1Config)
    i.RCC_PCLK2Config                        0x08002640   Section        0  stm32f10x_rcc.o(i.RCC_PCLK2Config)
    i.RCC_PLLCmd                             0x08002658   Section        0  stm32f10x_rcc.o(i.RCC_PLLCmd)
    i.RCC_PLLConfig                          0x08002664   Section        0  stm32f10x_rcc.o(i.RCC_PLLConfig)
    i.RCC_SYSCLKConfig                       0x08002680   Section        0  stm32f10x_rcc.o(i.RCC_SYSCLKConfig)
    i.RCC_WaitForHSEStartUp                  0x08002698   Section        0  stm32f10x_rcc.o(i.RCC_WaitForHSEStartUp)
    i.RESETdata                              0x080026d0   Section        0  spo2check.o(i.RESETdata)
    i.ReadSendBuf                            0x08002700   Section        0  uart1.o(i.ReadSendBuf)
    ReadSendBuf                              0x08002701   Thumb Code    22  uart1.o(i.ReadSendBuf)
    i.ResetAdj                               0x0800271c   Section        0  spo2check.o(i.ResetAdj)
    i.RoughAdj                               0x08002798   Section        0  spo2check.o(i.RoughAdj)
    i.SVC_Handler                            0x08002928   Section        0  stm32f10x_it.o(i.SVC_Handler)
    i.SendCharUsedByFputc                    0x0800292c   Section        0  uart1.o(i.SendCharUsedByFputc)
    SendCharUsedByFputc                      0x0800292d   Thumb Code    28  uart1.o(i.SendCharUsedByFputc)
    i.SetSysClock                            0x0800294c   Section        0  system_stm32f10x.o(i.SetSysClock)
    SetSysClock                              0x0800294d   Thumb Code     8  system_stm32f10x.o(i.SetSysClock)
    i.SetSysClockTo72                        0x08002954   Section        0  system_stm32f10x.o(i.SetSysClockTo72)
    SetSysClockTo72                          0x08002955   Thumb Code   214  system_stm32f10x.o(i.SetSysClockTo72)
    i.SysTick_Handler                        0x08002a34   Section        0  systick.o(i.SysTick_Handler)
    i.SystemInit                             0x08002a3c   Section        0  system_stm32f10x.o(i.SystemInit)
    i.TIM2_IRQHandler                        0x08002a9c   Section        0  timer.o(i.TIM2_IRQHandler)
    i.TIM3_IRQHandler                        0x08002ad8   Section        0  adc.o(i.TIM3_IRQHandler)
    i.TIM5_IRQHandler                        0x08002b0c   Section        0  timer.o(i.TIM5_IRQHandler)
    i.TIM6_IRQHandler                        0x08002b50   Section        0  timer.o(i.TIM6_IRQHandler)
    i.TIM_ClearITPendingBit                  0x08002b90   Section        0  stm32f10x_tim.o(i.TIM_ClearITPendingBit)
    i.TIM_Cmd                                0x08002b96   Section        0  stm32f10x_tim.o(i.TIM_Cmd)
    i.TIM_GetITStatus                        0x08002bae   Section        0  stm32f10x_tim.o(i.TIM_GetITStatus)
    i.TIM_ITConfig                           0x08002bd0   Section        0  stm32f10x_tim.o(i.TIM_ITConfig)
    i.TIM_SelectOutputTrigger                0x08002be2   Section        0  stm32f10x_tim.o(i.TIM_SelectOutputTrigger)
    i.TIM_TimeBaseInit                       0x08002bf4   Section        0  stm32f10x_tim.o(i.TIM_TimeBaseInit)
    i.TimDelayDec                            0x08002c98   Section        0  systick.o(i.TimDelayDec)
    TimDelayDec                              0x08002c99   Thumb Code    18  systick.o(i.TimDelayDec)
    i.USART1_IRQHandler                      0x08002cb0   Section        0  uart1.o(i.USART1_IRQHandler)
    i.USART_ClearFlag                        0x08002d48   Section        0  stm32f10x_usart.o(i.USART_ClearFlag)
    i.USART_ClearITPendingBit                0x08002d5a   Section        0  stm32f10x_usart.o(i.USART_ClearITPendingBit)
    i.USART_Cmd                              0x08002d78   Section        0  stm32f10x_usart.o(i.USART_Cmd)
    i.USART_GetFlagStatus                    0x08002d90   Section        0  stm32f10x_usart.o(i.USART_GetFlagStatus)
    i.USART_GetITStatus                      0x08002daa   Section        0  stm32f10x_usart.o(i.USART_GetITStatus)
    i.USART_ITConfig                         0x08002dfe   Section        0  stm32f10x_usart.o(i.USART_ITConfig)
    i.USART_Init                             0x08002e48   Section        0  stm32f10x_usart.o(i.USART_Init)
    i.USART_ReceiveData                      0x08002f20   Section        0  stm32f10x_usart.o(i.USART_ReceiveData)
    i.USART_SendData                         0x08002f2a   Section        0  stm32f10x_usart.o(i.USART_SendData)
    i.USART_StructInit                       0x08002f32   Section        0  stm32f10x_usart.o(i.USART_StructInit)
    i.UsageFault_Handler                     0x08002f4a   Section        0  stm32f10x_it.o(i.UsageFault_Handler)
    i.WriteADCBuf                            0x08002f50   Section        0  adc.o(i.WriteADCBuf)
    i.WriteReceiveBuf                        0x08002f68   Section        0  uart1.o(i.WriteReceiveBuf)
    WriteReceiveBuf                          0x08002f69   Thumb Code    20  uart1.o(i.WriteReceiveBuf)
    i.__0printf$5                            0x08002f80   Section        0  printf5.o(i.__0printf$5)
    i.__ARM_fpclassify                       0x08002fa0   Section        0  fpclassify.o(i.__ARM_fpclassify)
    i.__ARM_fpclassifyf                      0x08002fc8   Section        0  fpclassifyf.o(i.__ARM_fpclassifyf)
    i.__ieee754_rem_pio2                     0x08002ff0   Section        0  rred.o(i.__ieee754_rem_pio2)
    i.__kernel_cos                           0x08003378   Section        0  cos_i.o(i.__kernel_cos)
    i.__kernel_poly                          0x08003474   Section        0  poly.o(i.__kernel_poly)
    i.__kernel_sin                           0x08003520   Section        0  sin_i.o(i.__kernel_sin)
    i.__mathlib_dbl_infnan                   0x0800360c   Section        0  dunder.o(i.__mathlib_dbl_infnan)
    i.__mathlib_dbl_invalid                  0x08003612   Section        0  dunder.o(i.__mathlib_dbl_invalid)
    i.__mathlib_dbl_underflow                0x08003620   Section        0  dunder.o(i.__mathlib_dbl_underflow)
    i.__mathlib_flt_infnan                   0x08003630   Section        0  funder.o(i.__mathlib_flt_infnan)
    i.__mathlib_flt_invalid                  0x08003636   Section        0  funder.o(i.__mathlib_flt_invalid)
    i.__mathlib_flt_underflow                0x0800363e   Section        0  funder.o(i.__mathlib_flt_underflow)
    i.__mathlib_rredf2                       0x08003648   Section        0  rredf.o(i.__mathlib_rredf2)
    i.__scatterload_copy                     0x080037b0   Section       14  handlers.o(i.__scatterload_copy)
    i.__scatterload_null                     0x080037be   Section        2  handlers.o(i.__scatterload_null)
    i.__scatterload_zeroinit                 0x080037c0   Section       14  handlers.o(i.__scatterload_zeroinit)
    i.__set_errno                            0x080037d0   Section        0  errno.o(i.__set_errno)
    i._printf_core                           0x080037dc   Section        0  printf5.o(i._printf_core)
    _printf_core                             0x080037dd   Thumb Code   658  printf5.o(i._printf_core)
    i.calc_pulse_rate                        0x08003a9c   Section        0  ecg.o(i.calc_pulse_rate)
    i.calc_spo2                              0x08003b38   Section        0  spo2check.o(i.calc_spo2)
    i.cos                                    0x08003bbc   Section        0  cos.o(i.cos)
    i.detect_peak                            0x08003c58   Section        0  ecg.o(i.detect_peak)
    i.fputc                                  0x08003ce8   Section        0  uart1.o(i.fputc)
    i.main                                   0x08003cf8   Section        0  main.o(i.main)
    i.max                                    0x08003d9c   Section        0  spo2check.o(i.max)
    i.median                                 0x08003dec   Section        0  ecg.o(i.median)
    median                                   0x08003ded   Thumb Code    68  ecg.o(i.median)
    i.min                                    0x08003e30   Section        0  spo2check.o(i.min)
    i.sin                                    0x08003e80   Section        0  sin.o(i.sin)
    i.sqrtf                                  0x08003f20   Section        0  sqrtf.o(i.sqrtf)
    i.tanf                                   0x08003f4c   Section        0  tanf.o(i.tanf)
    .constdata                               0x080040c0   Section       60  ecg.o(.constdata)
    fir_coeff                                0x080040e8   Data          20  ecg.o(.constdata)
    .constdata                               0x080040fc   Section       44  spo2check.o(.constdata)
    .constdata                               0x08004128   Section       48  cos_i.o(.constdata)
    C                                        0x08004128   Data          48  cos_i.o(.constdata)
    .constdata                               0x08004158   Section      200  rred.o(.constdata)
    pio2s                                    0x08004158   Data          48  rred.o(.constdata)
    twooverpi                                0x08004188   Data         152  rred.o(.constdata)
    .constdata                               0x08004220   Section       32  rredf.o(.constdata)
    twooverpi                                0x08004220   Data          32  rredf.o(.constdata)
    .constdata                               0x08004240   Section       40  sin_i.o(.constdata)
    S                                        0x08004240   Data          40  sin_i.o(.constdata)
    .data                                    0x20000000   Section       28  main.o(.data)
    .data                                    0x2000001c   Section        2  led.o(.data)
    s_iCnt                                   0x2000001c   Data           2  led.o(.data)
    .data                                    0x2000001e   Section        3  packunpack.o(.data)
    s_iPackLen                               0x2000001e   Data           1  packunpack.o(.data)
    s_iGotPackId                             0x2000001f   Data           1  packunpack.o(.data)
    s_iRestByteNum                           0x20000020   Data           1  packunpack.o(.data)
    .data                                    0x20000024   Section       93  ecg.o(.data)
    notch_b                                  0x20000024   Data          12  ecg.o(.data)
    notch_a                                  0x20000030   Data          12  ecg.o(.data)
    x_buf                                    0x2000003c   Data           8  ecg.o(.data)
    y_buf                                    0x20000044   Data           8  ecg.o(.data)
    y                                        0x2000006c   Data           4  ecg.o(.data)
    y                                        0x20000070   Data           4  ecg.o(.data)
    y                                        0x20000074   Data           4  ecg.o(.data)
    i                                        0x20000078   Data           1  ecg.o(.data)
    last_index                               0x2000007c   Data           4  ecg.o(.data)
    first                                    0x20000080   Data           1  ecg.o(.data)
    .data                                    0x20000084   Section       73  spo2check.o(.data)
    finRoughAdj                              0x200000cc   Data           1  spo2check.o(.data)
    .data                                    0x200000ce   Section       10  timer.o(.data)
    s_i2msFlag                               0x200000ce   Data           1  timer.o(.data)
    s_i1secFlag                              0x200000cf   Data           1  timer.o(.data)
    s_i500usFlag                             0x200000d0   Data           1  timer.o(.data)
    s_iCnt2                                  0x200000d2   Data           2  timer.o(.data)
    s_iCnt100                                0x200000d4   Data           2  timer.o(.data)
    s_iCnt2                                  0x200000d6   Data           2  timer.o(.data)
    .data                                    0x200000d8   Section        1  uart1.o(.data)
    s_iUARTTxSts                             0x200000d8   Data           1  uart1.o(.data)
    .data                                    0x200000dc   Section        8  adc.o(.data)
    num_get_adc                              0x200000e0   Data           4  adc.o(.data)
    .data                                    0x200000e4   Section       20  stm32f10x_rcc.o(.data)
    APBAHBPrescTable                         0x200000e4   Data          16  stm32f10x_rcc.o(.data)
    ADCPrescTable                            0x200000f4   Data           4  stm32f10x_rcc.o(.data)
    .data                                    0x200000f8   Section        4  systick.o(.data)
    s_iTimDelayCnt                           0x200000f8   Data           4  systick.o(.data)
    .data                                    0x200000fc   Section       20  system_stm32f10x.o(.data)
    .data                                    0x20000110   Section        4  stdout.o(.data)
    .data                                    0x20000114   Section        4  errno.o(.data)
    _errno                                   0x20000114   Data           4  errno.o(.data)
    .bss                                     0x20000118   Section       10  packunpack.o(.bss)
    s_ptPack                                 0x20000118   Data          10  packunpack.o(.bss)
    .bss                                     0x20000124   Section       92  ecg.o(.bss)
    iir_x_buf                                0x20000124   Data          16  ecg.o(.bss)
    iir_y_buf                                0x20000134   Data          16  ecg.o(.bss)
    fir_buffer                               0x20000144   Data          20  ecg.o(.bss)
    .bss                                     0x20000180   Section    12224  spo2check.o(.bss)
    .bss                                     0x20003140   Section      224  uart1.o(.bss)
    s_structUARTSendCirQue                   0x20003140   Data          12  uart1.o(.bss)
    s_structUARTRecCirQue                    0x2000314c   Data          12  uart1.o(.bss)
    s_arrSendBuf                             0x20003158   Data         100  uart1.o(.bss)
    s_arrRecBuf                              0x200031bc   Data         100  uart1.o(.bss)
    .bss                                     0x20003220   Section      212  adc.o(.bss)
    s_structADCCirQue                        0x20003220   Data          12  adc.o(.bss)
    s_arrADCBuf                              0x2000322c   Data         200  adc.o(.bss)
    STACK                                    0x200032f8   Section     1024  startup_stm32f10x_hd.o(STACK)

    Global Symbols

    Symbol Name                              Value     Ov Type        Size  Object(Section)

    BuildAttributes$$THM_ISAv4$P$D$K$B$S$PE$A:L22UL41UL21$X:L11$S22US41US21$IEEE1$IW$USESV6$~STKCKD$USESV7$~SHL$OTIME$ROPI$IEEEX$EBA8$MICROLIB$REQ8$PRES8$EABIv2 0x00000000   Number         0  anon$$obj.o ABSOLUTE
    __ARM_use_no_argv                        0x00000000   Number         0  main.o ABSOLUTE
    _printf_a                                0x00000000   Number         0  stubs.o ABSOLUTE
    _printf_c                                0x00000000   Number         0  stubs.o ABSOLUTE
    _printf_charcount                        0x00000000   Number         0  stubs.o ABSOLUTE
    _printf_d                                0x00000000   Number         0  stubs.o ABSOLUTE
    _printf_e                                0x00000000   Number         0  stubs.o ABSOLUTE
    _printf_f                                0x00000000   Number         0  stubs.o ABSOLUTE
    _printf_flags                            0x00000000   Number         0  stubs.o ABSOLUTE
    _printf_fp_dec                           0x00000000   Number         0  stubs.o ABSOLUTE
    _printf_fp_hex                           0x00000000   Number         0  stubs.o ABSOLUTE
    _printf_g                                0x00000000   Number         0  stubs.o ABSOLUTE
    _printf_i                                0x00000000   Number         0  stubs.o ABSOLUTE
    _printf_int_dec                          0x00000000   Number         0  stubs.o ABSOLUTE
    _printf_l                                0x00000000   Number         0  stubs.o ABSOLUTE
    _printf_lc                               0x00000000   Number         0  stubs.o ABSOLUTE
    _printf_ll                               0x00000000   Number         0  stubs.o ABSOLUTE
    _printf_lld                              0x00000000   Number         0  stubs.o ABSOLUTE
    _printf_lli                              0x00000000   Number         0  stubs.o ABSOLUTE
    _printf_llo                              0x00000000   Number         0  stubs.o ABSOLUTE
    _printf_llu                              0x00000000   Number         0  stubs.o ABSOLUTE
    _printf_llx                              0x00000000   Number         0  stubs.o ABSOLUTE
    _printf_longlong_dec                     0x00000000   Number         0  stubs.o ABSOLUTE
    _printf_longlong_hex                     0x00000000   Number         0  stubs.o ABSOLUTE
    _printf_longlong_oct                     0x00000000   Number         0  stubs.o ABSOLUTE
    _printf_ls                               0x00000000   Number         0  stubs.o ABSOLUTE
    _printf_mbtowc                           0x00000000   Number         0  stubs.o ABSOLUTE
    _printf_n                                0x00000000   Number         0  stubs.o ABSOLUTE
    _printf_o                                0x00000000   Number         0  stubs.o ABSOLUTE
    _printf_p                                0x00000000   Number         0  stubs.o ABSOLUTE
    _printf_percent                          0x00000000   Number         0  stubs.o ABSOLUTE
    _printf_pre_padding                      0x00000000   Number         0  stubs.o ABSOLUTE
    _printf_return_value                     0x00000000   Number         0  stubs.o ABSOLUTE
    _printf_s                                0x00000000   Number         0  stubs.o ABSOLUTE
    _printf_sizespec                         0x00000000   Number         0  stubs.o ABSOLUTE
    _printf_str                              0x00000000   Number         0  stubs.o ABSOLUTE
    _printf_truncate_signed                  0x00000000   Number         0  stubs.o ABSOLUTE
    _printf_truncate_unsigned                0x00000000   Number         0  stubs.o ABSOLUTE
    _printf_u                                0x00000000   Number         0  stubs.o ABSOLUTE
    _printf_wc                               0x00000000   Number         0  stubs.o ABSOLUTE
    _printf_wctomb                           0x00000000   Number         0  stubs.o ABSOLUTE
    _printf_widthprec                        0x00000000   Number         0  stubs.o ABSOLUTE
    _printf_x                                0x00000000   Number         0  stubs.o ABSOLUTE
    __cpp_initialize__aeabi_                  - Undefined Weak Reference
    __cxa_finalize                            - Undefined Weak Reference
    __decompress                              - Undefined Weak Reference
    _clock_init                               - Undefined Weak Reference
    _microlib_exit                            - Undefined Weak Reference
    __Vectors_Size                           0x00000130   Number         0  startup_stm32f10x_hd.o ABSOLUTE
    __Vectors                                0x08000000   Data           4  startup_stm32f10x_hd.o(RESET)
    __Vectors_End                            0x08000130   Data           0  startup_stm32f10x_hd.o(RESET)
    __main                                   0x08000131   Thumb Code     0  entry.o(.ARM.Collect$$$$00000000)
    _main_stk                                0x08000131   Thumb Code     0  entry2.o(.ARM.Collect$$$$00000001)
    _main_scatterload                        0x08000135   Thumb Code     0  entry5.o(.ARM.Collect$$$$00000004)
    __main_after_scatterload                 0x08000139   Thumb Code     0  entry5.o(.ARM.Collect$$$$00000004)
    _main_clock                              0x08000139   Thumb Code     0  entry7b.o(.ARM.Collect$$$$00000008)
    _main_cpp_init                           0x08000139   Thumb Code     0  entry8b.o(.ARM.Collect$$$$0000000A)
    _main_init                               0x08000139   Thumb Code     0  entry9a.o(.ARM.Collect$$$$0000000B)
    __rt_final_cpp                           0x08000141   Thumb Code     0  entry10a.o(.ARM.Collect$$$$0000000D)
    __rt_final_exit                          0x08000141   Thumb Code     0  entry11a.o(.ARM.Collect$$$$0000000F)
    Reset_Handler                            0x08000145   Thumb Code     8  startup_stm32f10x_hd.o(.text)
    ADC1_2_IRQHandler                        0x0800015f   Thumb Code     0  startup_stm32f10x_hd.o(.text)
    ADC3_IRQHandler                          0x0800015f   Thumb Code     0  startup_stm32f10x_hd.o(.text)
    CAN1_RX1_IRQHandler                      0x0800015f   Thumb Code     0  startup_stm32f10x_hd.o(.text)
    CAN1_SCE_IRQHandler                      0x0800015f   Thumb Code     0  startup_stm32f10x_hd.o(.text)
    DMA1_Channel1_IRQHandler                 0x0800015f   Thumb Code     0  startup_stm32f10x_hd.o(.text)
    DMA1_Channel2_IRQHandler                 0x0800015f   Thumb Code     0  startup_stm32f10x_hd.o(.text)
    DMA1_Channel3_IRQHandler                 0x0800015f   Thumb Code     0  startup_stm32f10x_hd.o(.text)
    DMA1_Channel4_IRQHandler                 0x0800015f   Thumb Code     0  startup_stm32f10x_hd.o(.text)
    DMA1_Channel5_IRQHandler                 0x0800015f   Thumb Code     0  startup_stm32f10x_hd.o(.text)
    DMA1_Channel6_IRQHandler                 0x0800015f   Thumb Code     0  startup_stm32f10x_hd.o(.text)
    DMA1_Channel7_IRQHandler                 0x0800015f   Thumb Code     0  startup_stm32f10x_hd.o(.text)
    DMA2_Channel1_IRQHandler                 0x0800015f   Thumb Code     0  startup_stm32f10x_hd.o(.text)
    DMA2_Channel2_IRQHandler                 0x0800015f   Thumb Code     0  startup_stm32f10x_hd.o(.text)
    DMA2_Channel3_IRQHandler                 0x0800015f   Thumb Code     0  startup_stm32f10x_hd.o(.text)
    DMA2_Channel4_5_IRQHandler               0x0800015f   Thumb Code     0  startup_stm32f10x_hd.o(.text)
    EXTI0_IRQHandler                         0x0800015f   Thumb Code     0  startup_stm32f10x_hd.o(.text)
    EXTI15_10_IRQHandler                     0x0800015f   Thumb Code     0  startup_stm32f10x_hd.o(.text)
    EXTI1_IRQHandler                         0x0800015f   Thumb Code     0  startup_stm32f10x_hd.o(.text)
    EXTI2_IRQHandler                         0x0800015f   Thumb Code     0  startup_stm32f10x_hd.o(.text)
    EXTI3_IRQHandler                         0x0800015f   Thumb Code     0  startup_stm32f10x_hd.o(.text)
    EXTI4_IRQHandler                         0x0800015f   Thumb Code     0  startup_stm32f10x_hd.o(.text)
    EXTI9_5_IRQHandler                       0x0800015f   Thumb Code     0  startup_stm32f10x_hd.o(.text)
    FLASH_IRQHandler                         0x0800015f   Thumb Code     0  startup_stm32f10x_hd.o(.text)
    FSMC_IRQHandler                          0x0800015f   Thumb Code     0  startup_stm32f10x_hd.o(.text)
    I2C1_ER_IRQHandler                       0x0800015f   Thumb Code     0  startup_stm32f10x_hd.o(.text)
    I2C1_EV_IRQHandler                       0x0800015f   Thumb Code     0  startup_stm32f10x_hd.o(.text)
    I2C2_ER_IRQHandler                       0x0800015f   Thumb Code     0  startup_stm32f10x_hd.o(.text)
    I2C2_EV_IRQHandler                       0x0800015f   Thumb Code     0  startup_stm32f10x_hd.o(.text)
    PVD_IRQHandler                           0x0800015f   Thumb Code     0  startup_stm32f10x_hd.o(.text)
    RCC_IRQHandler                           0x0800015f   Thumb Code     0  startup_stm32f10x_hd.o(.text)
    RTCAlarm_IRQHandler                      0x0800015f   Thumb Code     0  startup_stm32f10x_hd.o(.text)
    RTC_IRQHandler                           0x0800015f   Thumb Code     0  startup_stm32f10x_hd.o(.text)
    SDIO_IRQHandler                          0x0800015f   Thumb Code     0  startup_stm32f10x_hd.o(.text)
    SPI1_IRQHandler                          0x0800015f   Thumb Code     0  startup_stm32f10x_hd.o(.text)
    SPI2_IRQHandler                          0x0800015f   Thumb Code     0  startup_stm32f10x_hd.o(.text)
    SPI3_IRQHandler                          0x0800015f   Thumb Code     0  startup_stm32f10x_hd.o(.text)
    TAMPER_IRQHandler                        0x0800015f   Thumb Code     0  startup_stm32f10x_hd.o(.text)
    TIM1_BRK_IRQHandler                      0x0800015f   Thumb Code     0  startup_stm32f10x_hd.o(.text)
    TIM1_CC_IRQHandler                       0x0800015f   Thumb Code     0  startup_stm32f10x_hd.o(.text)
    TIM1_TRG_COM_IRQHandler                  0x0800015f   Thumb Code     0  startup_stm32f10x_hd.o(.text)
    TIM1_UP_IRQHandler                       0x0800015f   Thumb Code     0  startup_stm32f10x_hd.o(.text)
    TIM4_IRQHandler                          0x0800015f   Thumb Code     0  startup_stm32f10x_hd.o(.text)
    TIM7_IRQHandler                          0x0800015f   Thumb Code     0  startup_stm32f10x_hd.o(.text)
    TIM8_BRK_IRQHandler                      0x0800015f   Thumb Code     0  startup_stm32f10x_hd.o(.text)
    TIM8_CC_IRQHandler                       0x0800015f   Thumb Code     0  startup_stm32f10x_hd.o(.text)
    TIM8_TRG_COM_IRQHandler                  0x0800015f   Thumb Code     0  startup_stm32f10x_hd.o(.text)
    TIM8_UP_IRQHandler                       0x0800015f   Thumb Code     0  startup_stm32f10x_hd.o(.text)
    UART4_IRQHandler                         0x0800015f   Thumb Code     0  startup_stm32f10x_hd.o(.text)
    UART5_IRQHandler                         0x0800015f   Thumb Code     0  startup_stm32f10x_hd.o(.text)
    USART2_IRQHandler                        0x0800015f   Thumb Code     0  startup_stm32f10x_hd.o(.text)
    USART3_IRQHandler                        0x0800015f   Thumb Code     0  startup_stm32f10x_hd.o(.text)
    USBWakeUp_IRQHandler                     0x0800015f   Thumb Code     0  startup_stm32f10x_hd.o(.text)
    USB_HP_CAN1_TX_IRQHandler                0x0800015f   Thumb Code     0  startup_stm32f10x_hd.o(.text)
    USB_LP_CAN1_RX0_IRQHandler               0x0800015f   Thumb Code     0  startup_stm32f10x_hd.o(.text)
    WWDG_IRQHandler                          0x0800015f   Thumb Code     0  startup_stm32f10x_hd.o(.text)
    __aeabi_memcpy                           0x08000169   Thumb Code    36  memcpya.o(.text)
    __aeabi_memcpy4                          0x08000169   Thumb Code     0  memcpya.o(.text)
    __aeabi_memcpy8                          0x08000169   Thumb Code     0  memcpya.o(.text)
    __aeabi_memset                           0x0800018d   Thumb Code    14  memseta.o(.text)
    __aeabi_memset4                          0x0800018d   Thumb Code     0  memseta.o(.text)
    __aeabi_memset8                          0x0800018d   Thumb Code     0  memseta.o(.text)
    __aeabi_memclr                           0x0800019b   Thumb Code     4  memseta.o(.text)
    __aeabi_memclr4                          0x0800019b   Thumb Code     0  memseta.o(.text)
    __aeabi_memclr8                          0x0800019b   Thumb Code     0  memseta.o(.text)
    _memset$wrapper                          0x0800019f   Thumb Code    18  memseta.o(.text)
    __aeabi_fadd                             0x080001b1   Thumb Code   164  fadd.o(.text)
    __aeabi_fsub                             0x08000255   Thumb Code     6  fadd.o(.text)
    __aeabi_frsub                            0x0800025b   Thumb Code     6  fadd.o(.text)
    __aeabi_fmul                             0x08000261   Thumb Code   100  fmul.o(.text)
    __aeabi_fdiv                             0x080002c5   Thumb Code   124  fdiv.o(.text)
    __aeabi_dadd                             0x08000341   Thumb Code   322  dadd.o(.text)
    __aeabi_dsub                             0x08000483   Thumb Code     6  dadd.o(.text)
    __aeabi_drsub                            0x08000489   Thumb Code     6  dadd.o(.text)
    __aeabi_dmul                             0x0800048f   Thumb Code   228  dmul.o(.text)
    __aeabi_ddiv                             0x08000573   Thumb Code   222  ddiv.o(.text)
    __aeabi_i2f                              0x08000651   Thumb Code    18  fflti.o(.text)
    __aeabi_ui2f                             0x08000663   Thumb Code    10  ffltui.o(.text)
    __aeabi_f2uiz                            0x0800066d   Thumb Code    40  ffixui.o(.text)
    __aeabi_f2d                              0x08000695   Thumb Code    38  f2d.o(.text)
    __aeabi_d2f                              0x080006bb   Thumb Code    56  d2f.o(.text)
    __aeabi_cfcmpeq                          0x080006f5   Thumb Code     0  cfcmple.o(.text)
    __aeabi_cfcmple                          0x080006f5   Thumb Code    20  cfcmple.o(.text)
    __aeabi_cfrcmple                         0x08000709   Thumb Code    20  cfrcmple.o(.text)
    __aeabi_uldivmod                         0x0800071d   Thumb Code    98  uldiv.o(.text)
    __aeabi_llsl                             0x0800077f   Thumb Code    30  llshl.o(.text)
    _ll_shift_l                              0x0800077f   Thumb Code     0  llshl.o(.text)
    __aeabi_lasr                             0x0800079d   Thumb Code    36  llsshr.o(.text)
    _ll_sshift_r                             0x0800079d   Thumb Code     0  llsshr.o(.text)
    __I$use$fp                               0x080007c1   Thumb Code     0  iusefp.o(.text)
    _float_round                             0x080007c1   Thumb Code    18  fepilogue.o(.text)
    _float_epilogue                          0x080007d3   Thumb Code    92  fepilogue.o(.text)
    _fsqrt                                   0x0800082f   Thumb Code    94  fsqrt.o(.text)
    _frnd                                    0x0800088d   Thumb Code    60  frnd.o(.text)
    _double_round                            0x080008c9   Thumb Code    30  depilogue.o(.text)
    _double_epilogue                         0x080008e7   Thumb Code   156  depilogue.o(.text)
    __aeabi_f2iz                             0x08000983   Thumb Code    50  ffixi.o(.text)
    __scatterload                            0x080009b5   Thumb Code    28  init.o(.text)
    __scatterload_rt2                        0x080009b5   Thumb Code     0  init.o(.text)
    __aeabi_llsr                             0x080009d9   Thumb Code    32  llushr.o(.text)
    _ll_ushift_r                             0x080009d9   Thumb Code     0  llushr.o(.text)
    __ARM_scalbnf                            0x080009f9   Thumb Code    24  fscalb.o(.text)
    scalbnf                                  0x080009f9   Thumb Code     0  fscalb.o(.text)
    __ARM_scalbn                             0x08000a11   Thumb Code    46  dscalb.o(.text)
    scalbn                                   0x08000a11   Thumb Code     0  dscalb.o(.text)
    __aeabi_i2d                              0x08000a3f   Thumb Code    34  dflti.o(.text)
    __aeabi_ui2d                             0x08000a61   Thumb Code    26  dfltui.o(.text)
    __aeabi_d2iz                             0x08000a7b   Thumb Code    62  dfixi.o(.text)
    ADC_Cmd                                  0x08000ab9   Thumb Code    22  stm32f10x_adc.o(i.ADC_Cmd)
    ADC_DMACmd                               0x08000acf   Thumb Code    22  stm32f10x_adc.o(i.ADC_DMACmd)
    ADC_ExternalTrigConvCmd                  0x08000ae5   Thumb Code    22  stm32f10x_adc.o(i.ADC_ExternalTrigConvCmd)
    ADC_GetCalibrationStatus                 0x08000afb   Thumb Code    20  stm32f10x_adc.o(i.ADC_GetCalibrationStatus)
    ADC_GetResetCalibrationStatus            0x08000b0f   Thumb Code    20  stm32f10x_adc.o(i.ADC_GetResetCalibrationStatus)
    ADC_Init                                 0x08000b25   Thumb Code    70  stm32f10x_adc.o(i.ADC_Init)
    ADC_RegularChannelConfig                 0x08000b75   Thumb Code   184  stm32f10x_adc.o(i.ADC_RegularChannelConfig)
    ADC_ResetCalibration                     0x08000c2d   Thumb Code    10  stm32f10x_adc.o(i.ADC_ResetCalibration)
    ADC_StartCalibration                     0x08000c37   Thumb Code    10  stm32f10x_adc.o(i.ADC_StartCalibration)
    BusFault_Handler                         0x08000c41   Thumb Code     4  stm32f10x_it.o(i.BusFault_Handler)
    Clr1SecFlag                              0x08000c75   Thumb Code     8  timer.o(i.Clr1SecFlag)
    Clr2msFlag                               0x08000c81   Thumb Code     8  timer.o(i.Clr2msFlag)
    DAC_Cmd                                  0x08001191   Thumb Code    34  stm32f10x_dac.o(i.DAC_Cmd)
    DAC_Init                                 0x080011b9   Thumb Code    46  stm32f10x_dac.o(i.DAC_Init)
    DAC_SetChannel1Data                      0x080011ed   Thumb Code    26  stm32f10x_dac.o(i.DAC_SetChannel1Data)
    DMA_Cmd                                  0x0800120d   Thumb Code    24  stm32f10x_dma.o(i.DMA_Cmd)
    DMA_DeInit                               0x08001225   Thumb Code   324  stm32f10x_dma.o(i.DMA_DeInit)
    DMA_Init                                 0x08001371   Thumb Code    60  stm32f10x_dma.o(i.DMA_Init)
    DeQueue                                  0x080013ad   Thumb Code    68  queue.o(i.DeQueue)
    DebugMon_Handler                         0x080013f1   Thumb Code     2  stm32f10x_it.o(i.DebugMon_Handler)
    EnQueue                                  0x080013f3   Thumb Code    72  queue.o(i.EnQueue)
    EnU16Queue                               0x0800143b   Thumb Code    76  u16queue.o(i.EnU16Queue)
    FINGERtest                               0x08001489   Thumb Code   166  spo2check.o(i.FINGERtest)
    FIRFilterECG                             0x080015b1   Thumb Code   120  ecg.o(i.FIRFilterECG)
    FLASH_PrefetchBufferCmd                  0x08001635   Thumb Code    22  stm32f10x_flash.o(i.FLASH_PrefetchBufferCmd)
    FLASH_SetLatency                         0x08001651   Thumb Code    18  stm32f10x_flash.o(i.FLASH_SetLatency)
    FilterPro                                0x08001669   Thumb Code   114  filiter.o(i.FilterPro)
    FineAdj                                  0x080016dd   Thumb Code   188  spo2check.o(i.FineAdj)
    GPIO_Init                                0x080017d9   Thumb Code   278  stm32f10x_gpio.o(i.GPIO_Init)
    GPIO_ReadOutputDataBit                   0x080018ef   Thumb Code    18  stm32f10x_gpio.o(i.GPIO_ReadOutputDataBit)
    GPIO_ResetBits                           0x08001901   Thumb Code     4  stm32f10x_gpio.o(i.GPIO_ResetBits)
    GPIO_SetBits                             0x08001905   Thumb Code     4  stm32f10x_gpio.o(i.GPIO_SetBits)
    GPIO_WriteBit                            0x08001909   Thumb Code    10  stm32f10x_gpio.o(i.GPIO_WriteBit)
    Get1SecFlag                              0x08001915   Thumb Code     6  timer.o(i.Get1SecFlag)
    Get2msFlag                               0x08001921   Thumb Code     6  timer.o(i.Get2msFlag)
    GetIRDA                                  0x0800192d   Thumb Code     6  spo2check.o(i.GetIRDA)
    GetIRavg                                 0x08001939   Thumb Code    18  spo2check.o(i.GetIRavg)
    GetREDavg                                0x08001955   Thumb Code    18  spo2check.o(i.GetREDavg)
    GetRedDA                                 0x08001971   Thumb Code     6  spo2check.o(i.GetRedDA)
    Get_ADC_Num                              0x0800197d   Thumb Code     6  adc.o(i.Get_ADC_Num)
    HardFault_Handler                        0x08001989   Thumb Code     4  stm32f10x_it.o(i.HardFault_Handler)
    HighPassFilterInit                       0x0800198d   Thumb Code   344  filiter.o(i.HighPassFilterInit)
    InitADC                                  0x08001af1   Thumb Code    32  adc.o(i.InitADC)
    InitDAC                                  0x08001b19   Thumb Code     8  dac.o(i.InitDAC)
    InitLED                                  0x08001b55   Thumb Code     8  led.o(i.InitLED)
    InitNVIC                                 0x08001b5d   Thumb Code     8  nvic.o(i.InitNVIC)
    InitPackUnpack                           0x08001b65   Thumb Code    50  packunpack.o(i.InitPackUnpack)
    InitQueue                                0x08001ba9   Thumb Code    36  queue.o(i.InitQueue)
    InitRCC                                  0x08001bcd   Thumb Code     8  rcc.o(i.InitRCC)
    InitSendDataToHost                       0x08001bd5   Thumb Code     2  senddatatohost.o(i.InitSendDataToHost)
    InitSysTick                              0x08001be5   Thumb Code    92  systick.o(i.InitSysTick)
    InitTimer                                0x08001c4d   Thumb Code    34  timer.o(i.InitTimer)
    InitU16Queue                             0x08001c6f   Thumb Code    38  u16queue.o(i.InitU16Queue)
    InitUART1                                0x08001c95   Thumb Code    16  uart1.o(i.InitUART1)
    Init_ECG                                 0x08001ce5   Thumb Code     8  ecg.o(i.Init_ECG)
    Init_SPO2                                0x08001ced   Thumb Code    76  spo2check.o(i.Init_SPO2)
    JudgeReAdj                               0x08001d69   Thumb Code   162  spo2check.o(i.JudgeReAdj)
    LEDFlicker                               0x08001e25   Thumb Code    76  led.o(i.LEDFlicker)
    LowPassFilterInit                        0x08001e79   Thumb Code   228  filiter.o(i.LowPassFilterInit)
    MemManage_Handler                        0x08001f65   Thumb Code     4  stm32f10x_it.o(i.MemManage_Handler)
    MovingAverageFilter_Pro                  0x08001f69   Thumb Code   188  filiter.o(i.MovingAverageFilter_Pro)
    MovingAverage_Init                       0x08002065   Thumb Code    34  filiter.o(i.MovingAverage_Init)
    NMI_Handler                              0x08002087   Thumb Code     2  stm32f10x_it.o(i.NMI_Handler)
    NVIC_Init                                0x080020a1   Thumb Code   100  misc.o(i.NVIC_Init)
    NVIC_PriorityGroupConfig                 0x08002111   Thumb Code    10  misc.o(i.NVIC_PriorityGroupConfig)
    PendSV_Handler                           0x08002125   Thumb Code     2  stm32f10x_it.o(i.PendSV_Handler)
    QueueEmpty                               0x080023d1   Thumb Code    14  queue.o(i.QueueEmpty)
    RCC_ADCCLKConfig                         0x080023e1   Thumb Code    18  stm32f10x_rcc.o(i.RCC_ADCCLKConfig)
    RCC_AHBPeriphClockCmd                    0x080023f9   Thumb Code    26  stm32f10x_rcc.o(i.RCC_AHBPeriphClockCmd)
    RCC_APB1PeriphClockCmd                   0x08002419   Thumb Code    26  stm32f10x_rcc.o(i.RCC_APB1PeriphClockCmd)
    RCC_APB2PeriphClockCmd                   0x08002439   Thumb Code    26  stm32f10x_rcc.o(i.RCC_APB2PeriphClockCmd)
    RCC_DeInit                               0x08002459   Thumb Code    64  stm32f10x_rcc.o(i.RCC_DeInit)
    RCC_GetClocksFreq                        0x080024a5   Thumb Code   192  stm32f10x_rcc.o(i.RCC_GetClocksFreq)
    RCC_GetFlagStatus                        0x08002579   Thumb Code    56  stm32f10x_rcc.o(i.RCC_GetFlagStatus)
    RCC_GetSYSCLKSource                      0x080025b5   Thumb Code    10  stm32f10x_rcc.o(i.RCC_GetSYSCLKSource)
    RCC_HCLKConfig                           0x080025c5   Thumb Code    18  stm32f10x_rcc.o(i.RCC_HCLKConfig)
    RCC_HSEConfig                            0x080025dd   Thumb Code    70  stm32f10x_rcc.o(i.RCC_HSEConfig)
    RCC_PCLK1Config                          0x08002629   Thumb Code    18  stm32f10x_rcc.o(i.RCC_PCLK1Config)
    RCC_PCLK2Config                          0x08002641   Thumb Code    20  stm32f10x_rcc.o(i.RCC_PCLK2Config)
    RCC_PLLCmd                               0x08002659   Thumb Code     6  stm32f10x_rcc.o(i.RCC_PLLCmd)
    RCC_PLLConfig                            0x08002665   Thumb Code    24  stm32f10x_rcc.o(i.RCC_PLLConfig)
    RCC_SYSCLKConfig                         0x08002681   Thumb Code    18  stm32f10x_rcc.o(i.RCC_SYSCLKConfig)
    RCC_WaitForHSEStartUp                    0x08002699   Thumb Code    56  stm32f10x_rcc.o(i.RCC_WaitForHSEStartUp)
    RESETdata                                0x080026d1   Thumb Code    30  spo2check.o(i.RESETdata)
    ResetAdj                                 0x0800271d   Thumb Code    58  spo2check.o(i.ResetAdj)
    RoughAdj                                 0x08002799   Thumb Code   344  spo2check.o(i.RoughAdj)
    SVC_Handler                              0x08002929   Thumb Code     2  stm32f10x_it.o(i.SVC_Handler)
    SysTick_Handler                          0x08002a35   Thumb Code     8  systick.o(i.SysTick_Handler)
    SystemInit                               0x08002a3d   Thumb Code    78  system_stm32f10x.o(i.SystemInit)
    TIM2_IRQHandler                          0x08002a9d   Thumb Code    52  timer.o(i.TIM2_IRQHandler)
    TIM3_IRQHandler                          0x08002ad9   Thumb Code    40  adc.o(i.TIM3_IRQHandler)
    TIM5_IRQHandler                          0x08002b0d   Thumb Code    56  timer.o(i.TIM5_IRQHandler)
    TIM6_IRQHandler                          0x08002b51   Thumb Code    52  timer.o(i.TIM6_IRQHandler)
    TIM_ClearITPendingBit                    0x08002b91   Thumb Code     6  stm32f10x_tim.o(i.TIM_ClearITPendingBit)
    TIM_Cmd                                  0x08002b97   Thumb Code    24  stm32f10x_tim.o(i.TIM_Cmd)
    TIM_GetITStatus                          0x08002baf   Thumb Code    34  stm32f10x_tim.o(i.TIM_GetITStatus)
    TIM_ITConfig                             0x08002bd1   Thumb Code    18  stm32f10x_tim.o(i.TIM_ITConfig)
    TIM_SelectOutputTrigger                  0x08002be3   Thumb Code    18  stm32f10x_tim.o(i.TIM_SelectOutputTrigger)
    TIM_TimeBaseInit                         0x08002bf5   Thumb Code   122  stm32f10x_tim.o(i.TIM_TimeBaseInit)
    USART1_IRQHandler                        0x08002cb1   Thumb Code   140  uart1.o(i.USART1_IRQHandler)
    USART_ClearFlag                          0x08002d49   Thumb Code    18  stm32f10x_usart.o(i.USART_ClearFlag)
    USART_ClearITPendingBit                  0x08002d5b   Thumb Code    30  stm32f10x_usart.o(i.USART_ClearITPendingBit)
    USART_Cmd                                0x08002d79   Thumb Code    24  stm32f10x_usart.o(i.USART_Cmd)
    USART_GetFlagStatus                      0x08002d91   Thumb Code    26  stm32f10x_usart.o(i.USART_GetFlagStatus)
    USART_GetITStatus                        0x08002dab   Thumb Code    84  stm32f10x_usart.o(i.USART_GetITStatus)
    USART_ITConfig                           0x08002dff   Thumb Code    74  stm32f10x_usart.o(i.USART_ITConfig)
    USART_Init                               0x08002e49   Thumb Code   210  stm32f10x_usart.o(i.USART_Init)
    USART_ReceiveData                        0x08002f21   Thumb Code    10  stm32f10x_usart.o(i.USART_ReceiveData)
    USART_SendData                           0x08002f2b   Thumb Code     8  stm32f10x_usart.o(i.USART_SendData)
    USART_StructInit                         0x08002f33   Thumb Code    24  stm32f10x_usart.o(i.USART_StructInit)
    UsageFault_Handler                       0x08002f4b   Thumb Code     4  stm32f10x_it.o(i.UsageFault_Handler)
    WriteADCBuf                              0x08002f51   Thumb Code    20  adc.o(i.WriteADCBuf)
    __0printf$5                              0x08002f81   Thumb Code    22  printf5.o(i.__0printf$5)
    __1printf$5                              0x08002f81   Thumb Code     0  printf5.o(i.__0printf$5)
    __2printf                                0x08002f81   Thumb Code     0  printf5.o(i.__0printf$5)
    __ARM_fpclassify                         0x08002fa1   Thumb Code    40  fpclassify.o(i.__ARM_fpclassify)
    __ARM_fpclassifyf                        0x08002fc9   Thumb Code    38  fpclassifyf.o(i.__ARM_fpclassifyf)
    __ieee754_rem_pio2                       0x08002ff1   Thumb Code   828  rred.o(i.__ieee754_rem_pio2)
    __kernel_cos                             0x08003379   Thumb Code   230  cos_i.o(i.__kernel_cos)
    __kernel_poly                            0x08003475   Thumb Code   170  poly.o(i.__kernel_poly)
    __kernel_sin                             0x08003521   Thumb Code   224  sin_i.o(i.__kernel_sin)
    __mathlib_dbl_infnan                     0x0800360d   Thumb Code     6  dunder.o(i.__mathlib_dbl_infnan)
    __mathlib_dbl_invalid                    0x08003613   Thumb Code    12  dunder.o(i.__mathlib_dbl_invalid)
    __mathlib_dbl_underflow                  0x08003621   Thumb Code    10  dunder.o(i.__mathlib_dbl_underflow)
    __mathlib_flt_infnan                     0x08003631   Thumb Code     6  funder.o(i.__mathlib_flt_infnan)
    __mathlib_flt_invalid                    0x08003637   Thumb Code     8  funder.o(i.__mathlib_flt_invalid)
    __mathlib_flt_underflow                  0x0800363f   Thumb Code    10  funder.o(i.__mathlib_flt_underflow)
    __mathlib_rredf2                         0x08003649   Thumb Code   344  rredf.o(i.__mathlib_rredf2)
    __scatterload_copy                       0x080037b1   Thumb Code    14  handlers.o(i.__scatterload_copy)
    __scatterload_null                       0x080037bf   Thumb Code     2  handlers.o(i.__scatterload_null)
    __scatterload_zeroinit                   0x080037c1   Thumb Code    14  handlers.o(i.__scatterload_zeroinit)
    __set_errno                              0x080037d1   Thumb Code     6  errno.o(i.__set_errno)
    calc_pulse_rate                          0x08003a9d   Thumb Code   142  ecg.o(i.calc_pulse_rate)
    calc_spo2                                0x08003b39   Thumb Code   110  spo2check.o(i.calc_spo2)
    cos                                      0x08003bbd   Thumb Code   148  cos.o(i.cos)
    detect_peak                              0x08003c59   Thumb Code   118  ecg.o(i.detect_peak)
    fputc                                    0x08003ce9   Thumb Code    16  uart1.o(i.fputc)
    main                                     0x08003cf9   Thumb Code    60  main.o(i.main)
    max                                      0x08003d9d   Thumb Code    70  spo2check.o(i.max)
    min                                      0x08003e31   Thumb Code    70  spo2check.o(i.min)
    sin                                      0x08003e81   Thumb Code   150  sin.o(i.sin)
    sqrtf                                    0x08003f21   Thumb Code    44  sqrtf.o(i.sqrtf)
    tanf                                     0x08003f4d   Thumb Code   314  tanf.o(i.tanf)
    iir_sos                                  0x080040c0   Data          40  ecg.o(.constdata)
    Region$$Table$$Base                      0x08004268   Number         0  anon$$obj.o(Region$$Table)
    Region$$Table$$Limit                     0x08004288   Number         0  anon$$obj.o(Region$$Table)
    pulseRate                                0x20000000   Data           4  main.o(.data)
    Spo2                                     0x20000004   Data           4  main.o(.data)
    led_state                                0x20000008   Data           4  main.o(.data)
    receive_cnt                              0x2000000c   Data           2  main.o(.data)
    DACdate                                  0x2000000e   Data           2  main.o(.data)
    IRwave                                   0x20000010   Data           2  main.o(.data)
    REDwave                                  0x20000012   Data           2  main.o(.data)
    iravg                                    0x20000014   Data           2  main.o(.data)
    redavg                                   0x20000016   Data           2  main.o(.data)
    IR_wavedata                              0x20000018   Data           2  main.o(.data)
    RED_wavedata                             0x2000001a   Data           2  main.o(.data)
    peak_count                               0x2000004c   Data           1  ecg.o(.data)
    ir_count_max                             0x20000050   Data           4  ecg.o(.data)
    red_count_max                            0x20000054   Data           4  ecg.o(.data)
    ir_count_min                             0x20000058   Data           4  ecg.o(.data)
    red_count_min                            0x2000005c   Data           4  ecg.o(.data)
    peak_flag                                0x20000060   Data           1  ecg.o(.data)
    last_val                                 0x20000064   Data           4  ecg.o(.data)
    threshold                                0x20000068   Data           4  ecg.o(.data)
    gIRADVal                                 0x20000084   Data           2  spo2check.o(.data)
    gRedADVal                                0x20000086   Data           2  spo2check.o(.data)
    gIRIntDAVal                              0x20000088   Data           2  spo2check.o(.data)
    gRedIntDAVal                             0x2000008a   Data           2  spo2check.o(.data)
    gIRADAvg                                 0x2000008c   Data           4  spo2check.o(.data)
    gRedADAvg                                0x20000090   Data           4  spo2check.o(.data)
    gRoughAdjIRFlag                          0x20000094   Data           4  spo2check.o(.data)
    gRoughAdjRedFlag                         0x20000098   Data           4  spo2check.o(.data)
    gFirDetFinger                            0x2000009c   Data           4  spo2check.o(.data)
    gFingerOnFlag                            0x200000a0   Data           4  spo2check.o(.data)
    gRoughAdjIRCondCnt                       0x200000a4   Data           4  spo2check.o(.data)
    gRoughAdjRedCondCnt                      0x200000a8   Data           4  spo2check.o(.data)
    gAstableFingerCnt                        0x200000ac   Data           4  spo2check.o(.data)
    gStableFingerCnt                         0x200000b0   Data           4  spo2check.o(.data)
    gAdjIRDelayCnt                           0x200000b4   Data           4  spo2check.o(.data)
    gAdjRedDelayCnt                          0x200000b8   Data           4  spo2check.o(.data)
    gIROutRngCnt                             0x200000bc   Data           4  spo2check.o(.data)
    gRedOutRngCnt                            0x200000c0   Data           4  spo2check.o(.data)
    maxIRData                                0x200000c4   Data           2  spo2check.o(.data)
    minIRData                                0x200000c6   Data           2  spo2check.o(.data)
    maxRedData                               0x200000c8   Data           2  spo2check.o(.data)
    minRedData                               0x200000ca   Data           2  spo2check.o(.data)
    s_arrADC1Data                            0x200000dc   Data           2  adc.o(.data)
    SystemCoreClock                          0x200000fc   Data           4  system_stm32f10x.o(.data)
    AHBPrescTable                            0x20000100   Data          16  system_stm32f10x.o(.data)
    __stdout                                 0x20000110   Data           4  stdout.o(.data)
    peak_index                               0x20000158   Data          40  ecg.o(.bss)
    IR_movingFilter                          0x20000180   Data          16  spo2check.o(.bss)
    RED_movingFilter                         0x20000190   Data          16  spo2check.o(.bss)
    IR_HighPass                              0x200001a0   Data          48  spo2check.o(.bss)
    RED_HighPass                             0x200001d0   Data          48  spo2check.o(.bss)
    IR_LowPass                               0x20000200   Data          48  spo2check.o(.bss)
    RED_LowPass                              0x20000230   Data          48  spo2check.o(.bss)
    arr_RedFilter                            0x20000260   Data        6000  spo2check.o(.bss)
    arr_IrFilter                             0x200019d0   Data        6000  spo2check.o(.bss)
    __initial_sp                             0x200036f8   Data           0  startup_stm32f10x_hd.o(STACK)



==============================================================================

Memory Map of the image

  Image Entry point : 0x08000131

  Load Region LR_IROM1 (Base: 0x08000000, Size: 0x000043a0, Max: 0x00040000, ABSOLUTE)

    Execution Region ER_IROM1 (Base: 0x08000000, Size: 0x00004288, Max: 0x00040000, ABSOLUTE)

    Base Addr    Size         Type   Attr      Idx    E Section Name        Object

    0x08000000   0x00000130   Data   RO         2662    RESET               startup_stm32f10x_hd.o
    0x08000130   0x00000000   Code   RO         2699  * .ARM.Collect$$$$00000000  mc_w.l(entry.o)
    0x08000130   0x00000004   Code   RO         3042    .ARM.Collect$$$$00000001  mc_w.l(entry2.o)
    0x08000134   0x00000004   Code   RO         3045    .ARM.Collect$$$$00000004  mc_w.l(entry5.o)
    0x08000138   0x00000000   Code   RO         3047    .ARM.Collect$$$$00000008  mc_w.l(entry7b.o)
    0x08000138   0x00000000   Code   RO         3049    .ARM.Collect$$$$0000000A  mc_w.l(entry8b.o)
    0x08000138   0x00000008   Code   RO         3050    .ARM.Collect$$$$0000000B  mc_w.l(entry9a.o)
    0x08000140   0x00000000   Code   RO         3052    .ARM.Collect$$$$0000000D  mc_w.l(entry10a.o)
    0x08000140   0x00000000   Code   RO         3054    .ARM.Collect$$$$0000000F  mc_w.l(entry11a.o)
    0x08000140   0x00000004   Code   RO         3043    .ARM.Collect$$$$00002712  mc_w.l(entry2.o)
    0x08000144   0x00000024   Code   RO         2663    .text               startup_stm32f10x_hd.o
    0x08000168   0x00000024   Code   RO         2702    .text               mc_w.l(memcpya.o)
    0x0800018c   0x00000024   Code   RO         2704    .text               mc_w.l(memseta.o)
    0x080001b0   0x000000b0   Code   RO         2969    .text               mf_w.l(fadd.o)
    0x08000260   0x00000064   Code   RO         2971    .text               mf_w.l(fmul.o)
    0x080002c4   0x0000007c   Code   RO         2973    .text               mf_w.l(fdiv.o)
    0x08000340   0x0000014e   Code   RO         2975    .text               mf_w.l(dadd.o)
    0x0800048e   0x000000e4   Code   RO         2977    .text               mf_w.l(dmul.o)
    0x08000572   0x000000de   Code   RO         2979    .text               mf_w.l(ddiv.o)
    0x08000650   0x00000012   Code   RO         2981    .text               mf_w.l(fflti.o)
    0x08000662   0x0000000a   Code   RO         2983    .text               mf_w.l(ffltui.o)
    0x0800066c   0x00000028   Code   RO         2985    .text               mf_w.l(ffixui.o)
    0x08000694   0x00000026   Code   RO         2987    .text               mf_w.l(f2d.o)
    0x080006ba   0x00000038   Code   RO         2989    .text               mf_w.l(d2f.o)
    0x080006f2   0x00000002   PAD
    0x080006f4   0x00000014   Code   RO         2991    .text               mf_w.l(cfcmple.o)
    0x08000708   0x00000014   Code   RO         2993    .text               mf_w.l(cfrcmple.o)
    0x0800071c   0x00000062   Code   RO         3059    .text               mc_w.l(uldiv.o)
    0x0800077e   0x0000001e   Code   RO         3061    .text               mc_w.l(llshl.o)
    0x0800079c   0x00000024   Code   RO         3063    .text               mc_w.l(llsshr.o)
    0x080007c0   0x00000000   Code   RO         3072    .text               mc_w.l(iusefp.o)
    0x080007c0   0x0000006e   Code   RO         3073    .text               mf_w.l(fepilogue.o)
    0x0800082e   0x0000005e   Code   RO         3075    .text               mf_w.l(fsqrt.o)
    0x0800088c   0x0000003c   Code   RO         3077    .text               mf_w.l(frnd.o)
    0x080008c8   0x000000ba   Code   RO         3079    .text               mf_w.l(depilogue.o)
    0x08000982   0x00000032   Code   RO         3081    .text               mf_w.l(ffixi.o)
    0x080009b4   0x00000024   Code   RO         3091    .text               mc_w.l(init.o)
    0x080009d8   0x00000020   Code   RO         3093    .text               mc_w.l(llushr.o)
    0x080009f8   0x00000018   Code   RO         3095    .text               mf_w.l(fscalb.o)
    0x08000a10   0x0000002e   Code   RO         3097    .text               mf_w.l(dscalb.o)
    0x08000a3e   0x00000022   Code   RO         3099    .text               mf_w.l(dflti.o)
    0x08000a60   0x0000001a   Code   RO         3101    .text               mf_w.l(dfltui.o)
    0x08000a7a   0x0000003e   Code   RO         3103    .text               mf_w.l(dfixi.o)
    0x08000ab8   0x00000016   Code   RO         2134    i.ADC_Cmd           stm32f10x_adc.o
    0x08000ace   0x00000016   Code   RO         2135    i.ADC_DMACmd        stm32f10x_adc.o
    0x08000ae4   0x00000016   Code   RO         2139    i.ADC_ExternalTrigConvCmd  stm32f10x_adc.o
    0x08000afa   0x00000014   Code   RO         2142    i.ADC_GetCalibrationStatus  stm32f10x_adc.o
    0x08000b0e   0x00000014   Code   RO         2148    i.ADC_GetResetCalibrationStatus  stm32f10x_adc.o
    0x08000b22   0x00000002   PAD
    0x08000b24   0x00000050   Code   RO         2152    i.ADC_Init          stm32f10x_adc.o
    0x08000b74   0x000000b8   Code   RO         2156    i.ADC_RegularChannelConfig  stm32f10x_adc.o
    0x08000c2c   0x0000000a   Code   RO         2157    i.ADC_ResetCalibration  stm32f10x_adc.o
    0x08000c36   0x0000000a   Code   RO         2161    i.ADC_StartCalibration  stm32f10x_adc.o
    0x08000c40   0x00000004   Code   RO         2569    i.BusFault_Handler  stm32f10x_it.o
    0x08000c44   0x00000030   Code   RO          342    i.CheckRoughAdj     spo2check.o
    0x08000c74   0x0000000c   Code   RO          521    i.Clr1SecFlag       timer.o
    0x08000c80   0x0000000c   Code   RO          522    i.Clr2msFlag        timer.o
    0x08000c8c   0x000000a8   Code   RO          776    i.ConfigADC1        adc.o
    0x08000d34   0x00000058   Code   RO          727    i.ConfigDAC1        dac.o
    0x08000d8c   0x00000060   Code   RO          777    i.ConfigDMA1Ch1     adc.o
    0x08000dec   0x0000002c   Code   RO          276    i.ConfigLEADGPIO    ecg.o
    0x08000e18   0x00000058   Code   RO          152    i.ConfigLEDGPIO     led.o
    0x08000e70   0x0000000c   Code   RO         2500    i.ConfigNVIC        nvic.o
    0x08000e7c   0x00000064   Code   RO          504    i.ConfigRCC         rcc.o
    0x08000ee0   0x0000006c   Code   RO          343    i.ConfigSPO2GPIO    spo2check.o
    0x08000f4c   0x0000005c   Code   RO          524    i.ConfigTimer2      timer.o
    0x08000fa8   0x00000064   Code   RO          778    i.ConfigTimer3      adc.o
    0x0800100c   0x00000060   Code   RO          525    i.ConfigTimer5      timer.o
    0x0800106c   0x00000060   Code   RO          526    i.ConfigTimer6      timer.o
    0x080010cc   0x000000c4   Code   RO          649    i.ConfigUART        uart1.o
    0x08001190   0x00000028   Code   RO         2350    i.DAC_Cmd           stm32f10x_dac.o
    0x080011b8   0x00000034   Code   RO         2355    i.DAC_Init          stm32f10x_dac.o
    0x080011ec   0x00000020   Code   RO         2356    i.DAC_SetChannel1Data  stm32f10x_dac.o
    0x0800120c   0x00000018   Code   RO         2430    i.DMA_Cmd           stm32f10x_dma.o
    0x08001224   0x0000014c   Code   RO         2431    i.DMA_DeInit        stm32f10x_dma.o
    0x08001370   0x0000003c   Code   RO         2436    i.DMA_Init          stm32f10x_dma.o
    0x080013ac   0x00000044   Code   RO          605    i.DeQueue           queue.o
    0x080013f0   0x00000002   Code   RO         2570    i.DebugMon_Handler  stm32f10x_it.o
    0x080013f2   0x00000048   Code   RO          606    i.EnQueue           queue.o
    0x0800143a   0x0000004c   Code   RO          836    i.EnU16Queue        u16queue.o
    0x08001486   0x00000002   PAD
    0x08001488   0x00000128   Code   RO          344    i.FINGERtest        spo2check.o
    0x080015b0   0x00000084   Code   RO          277    i.FIRFilterECG      ecg.o
    0x08001634   0x0000001c   Code   RO          929    i.FLASH_PrefetchBufferCmd  stm32f10x_flash.o
    0x08001650   0x00000018   Code   RO          934    i.FLASH_SetLatency  stm32f10x_flash.o
    0x08001668   0x00000072   Code   RO          452    i.FilterPro         filiter.o
    0x080016da   0x00000002   PAD
    0x080016dc   0x000000fc   Code   RO          345    i.FineAdj           spo2check.o
    0x080017d8   0x00000116   Code   RO         1092    i.GPIO_Init         stm32f10x_gpio.o
    0x080018ee   0x00000012   Code   RO         1098    i.GPIO_ReadOutputDataBit  stm32f10x_gpio.o
    0x08001900   0x00000004   Code   RO         1099    i.GPIO_ResetBits    stm32f10x_gpio.o
    0x08001904   0x00000004   Code   RO         1100    i.GPIO_SetBits      stm32f10x_gpio.o
    0x08001908   0x0000000a   Code   RO         1103    i.GPIO_WriteBit     stm32f10x_gpio.o
    0x08001912   0x00000002   PAD
    0x08001914   0x0000000c   Code   RO          527    i.Get1SecFlag       timer.o
    0x08001920   0x0000000c   Code   RO          528    i.Get2msFlag        timer.o
    0x0800192c   0x0000000c   Code   RO          346    i.GetIRDA           spo2check.o
    0x08001938   0x0000001c   Code   RO          347    i.GetIRavg          spo2check.o
    0x08001954   0x0000001c   Code   RO          348    i.GetREDavg         spo2check.o
    0x08001970   0x0000000c   Code   RO          349    i.GetRedDA          spo2check.o
    0x0800197c   0x0000000c   Code   RO          779    i.Get_ADC_Num       adc.o
    0x08001988   0x00000004   Code   RO         2571    i.HardFault_Handler  stm32f10x_it.o
    0x0800198c   0x00000164   Code   RO          453    i.HighPassFilterInit  filiter.o
    0x08001af0   0x00000028   Code   RO          780    i.InitADC           adc.o
    0x08001b18   0x00000008   Code   RO          728    i.InitDAC           dac.o
    0x08001b20   0x00000034   Code   RO            1    i.InitHardware      main.o
    0x08001b54   0x00000008   Code   RO          153    i.InitLED           led.o
    0x08001b5c   0x00000008   Code   RO         2501    i.InitNVIC          nvic.o
    0x08001b64   0x00000044   Code   RO          196    i.InitPackUnpack    packunpack.o
    0x08001ba8   0x00000024   Code   RO          607    i.InitQueue         queue.o
    0x08001bcc   0x00000008   Code   RO          505    i.InitRCC           rcc.o
    0x08001bd4   0x00000002   Code   RO          244    i.InitSendDataToHost  senddatatohost.o
    0x08001bd6   0x0000000c   Code   RO            2    i.InitSoftware      main.o
    0x08001be2   0x00000002   PAD
    0x08001be4   0x00000068   Code   RO         2519    i.InitSysTick       systick.o
    0x08001c4c   0x00000022   Code   RO          530    i.InitTimer         timer.o
    0x08001c6e   0x00000026   Code   RO          837    i.InitU16Queue      u16queue.o
    0x08001c94   0x00000010   Code   RO          651    i.InitUART1         uart1.o
    0x08001ca4   0x00000040   Code   RO          652    i.InitUARTBuf       uart1.o
    0x08001ce4   0x00000008   Code   RO          279    i.Init_ECG          ecg.o
    0x08001cec   0x0000007c   Code   RO          350    i.Init_SPO2         spo2check.o
    0x08001d68   0x000000bc   Code   RO          351    i.JudgeReAdj        spo2check.o
    0x08001e24   0x00000054   Code   RO          154    i.LEDFlicker        led.o
    0x08001e78   0x000000ec   Code   RO          454    i.LowPassFilterInit  filiter.o
    0x08001f64   0x00000004   Code   RO         2572    i.MemManage_Handler  stm32f10x_it.o
    0x08001f68   0x000000fc   Code   RO          455    i.MovingAverageFilter_Pro  filiter.o
    0x08002064   0x00000022   Code   RO          456    i.MovingAverage_Init  filiter.o
    0x08002086   0x00000002   Code   RO         2573    i.NMI_Handler       stm32f10x_it.o
    0x08002088   0x00000018   Code   RO          653    i.NVIC_ClearPendingIRQ  uart1.o
    0x080020a0   0x00000070   Code   RO          876    i.NVIC_Init         misc.o
    0x08002110   0x00000014   Code   RO          877    i.NVIC_PriorityGroupConfig  misc.o
    0x08002124   0x00000002   Code   RO         2574    i.PendSV_Handler    stm32f10x_it.o
    0x08002126   0x00000002   PAD
    0x08002128   0x0000004c   Code   RO            3    i.Proc1SecTask      main.o
    0x08002174   0x0000025c   Code   RO            4    i.Proc2msTask       main.o
    0x080023d0   0x0000000e   Code   RO          608    i.QueueEmpty        queue.o
    0x080023de   0x00000002   PAD
    0x080023e0   0x00000018   Code   RO         1200    i.RCC_ADCCLKConfig  stm32f10x_rcc.o
    0x080023f8   0x00000020   Code   RO         1201    i.RCC_AHBPeriphClockCmd  stm32f10x_rcc.o
    0x08002418   0x00000020   Code   RO         1202    i.RCC_APB1PeriphClockCmd  stm32f10x_rcc.o
    0x08002438   0x00000020   Code   RO         1204    i.RCC_APB2PeriphClockCmd  stm32f10x_rcc.o
    0x08002458   0x0000004c   Code   RO         1211    i.RCC_DeInit        stm32f10x_rcc.o
    0x080024a4   0x000000d4   Code   RO         1212    i.RCC_GetClocksFreq  stm32f10x_rcc.o
    0x08002578   0x0000003c   Code   RO         1213    i.RCC_GetFlagStatus  stm32f10x_rcc.o
    0x080025b4   0x00000010   Code   RO         1215    i.RCC_GetSYSCLKSource  stm32f10x_rcc.o
    0x080025c4   0x00000018   Code   RO         1216    i.RCC_HCLKConfig    stm32f10x_rcc.o
    0x080025dc   0x0000004c   Code   RO         1217    i.RCC_HSEConfig     stm32f10x_rcc.o
    0x08002628   0x00000018   Code   RO         1223    i.RCC_PCLK1Config   stm32f10x_rcc.o
    0x08002640   0x00000018   Code   RO         1224    i.RCC_PCLK2Config   stm32f10x_rcc.o
    0x08002658   0x0000000c   Code   RO         1225    i.RCC_PLLCmd        stm32f10x_rcc.o
    0x08002664   0x0000001c   Code   RO         1226    i.RCC_PLLConfig     stm32f10x_rcc.o
    0x08002680   0x00000018   Code   RO         1229    i.RCC_SYSCLKConfig  stm32f10x_rcc.o
    0x08002698   0x00000038   Code   RO         1231    i.RCC_WaitForHSEStartUp  stm32f10x_rcc.o
    0x080026d0   0x00000030   Code   RO          352    i.RESETdata         spo2check.o
    0x08002700   0x0000001c   Code   RO          654    i.ReadSendBuf       uart1.o
    0x0800271c   0x0000007c   Code   RO          353    i.ResetAdj          spo2check.o
    0x08002798   0x00000190   Code   RO          354    i.RoughAdj          spo2check.o
    0x08002928   0x00000002   Code   RO         2575    i.SVC_Handler       stm32f10x_it.o
    0x0800292a   0x00000002   PAD
    0x0800292c   0x00000020   Code   RO          656    i.SendCharUsedByFputc  uart1.o
    0x0800294c   0x00000008   Code   RO         2626    i.SetSysClock       system_stm32f10x.o
    0x08002954   0x000000e0   Code   RO         2627    i.SetSysClockTo72   system_stm32f10x.o
    0x08002a34   0x00000008   Code   RO         2520    i.SysTick_Handler   systick.o
    0x08002a3c   0x00000060   Code   RO         2629    i.SystemInit        system_stm32f10x.o
    0x08002a9c   0x0000003c   Code   RO          531    i.TIM2_IRQHandler   timer.o
    0x08002ad8   0x00000034   Code   RO          782    i.TIM3_IRQHandler   adc.o
    0x08002b0c   0x00000044   Code   RO          532    i.TIM5_IRQHandler   timer.o
    0x08002b50   0x00000040   Code   RO          533    i.TIM6_IRQHandler   timer.o
    0x08002b90   0x00000006   Code   RO         1411    i.TIM_ClearITPendingBit  stm32f10x_tim.o
    0x08002b96   0x00000018   Code   RO         1416    i.TIM_Cmd           stm32f10x_tim.o
    0x08002bae   0x00000022   Code   RO         1437    i.TIM_GetITStatus   stm32f10x_tim.o
    0x08002bd0   0x00000012   Code   RO         1441    i.TIM_ITConfig      stm32f10x_tim.o
    0x08002be2   0x00000012   Code   RO         1473    i.TIM_SelectOutputTrigger  stm32f10x_tim.o
    0x08002bf4   0x000000a4   Code   RO         1487    i.TIM_TimeBaseInit  stm32f10x_tim.o
    0x08002c98   0x00000018   Code   RO         2521    i.TimDelayDec       systick.o
    0x08002cb0   0x00000098   Code   RO          657    i.USART1_IRQHandler  uart1.o
    0x08002d48   0x00000012   Code   RO         1948    i.USART_ClearFlag   stm32f10x_usart.o
    0x08002d5a   0x0000001e   Code   RO         1949    i.USART_ClearITPendingBit  stm32f10x_usart.o
    0x08002d78   0x00000018   Code   RO         1952    i.USART_Cmd         stm32f10x_usart.o
    0x08002d90   0x0000001a   Code   RO         1955    i.USART_GetFlagStatus  stm32f10x_usart.o
    0x08002daa   0x00000054   Code   RO         1956    i.USART_GetITStatus  stm32f10x_usart.o
    0x08002dfe   0x0000004a   Code   RO         1958    i.USART_ITConfig    stm32f10x_usart.o
    0x08002e48   0x000000d8   Code   RO         1959    i.USART_Init        stm32f10x_usart.o
    0x08002f20   0x0000000a   Code   RO         1966    i.USART_ReceiveData  stm32f10x_usart.o
    0x08002f2a   0x00000008   Code   RO         1969    i.USART_SendData    stm32f10x_usart.o
    0x08002f32   0x00000018   Code   RO         1975    i.USART_StructInit  stm32f10x_usart.o
    0x08002f4a   0x00000004   Code   RO         2576    i.UsageFault_Handler  stm32f10x_it.o
    0x08002f4e   0x00000002   PAD
    0x08002f50   0x00000018   Code   RO          783    i.WriteADCBuf       adc.o
    0x08002f68   0x00000018   Code   RO          658    i.WriteReceiveBuf   uart1.o
    0x08002f80   0x00000020   Code   RO         2841    i.__0printf$5       mc_w.l(printf5.o)
    0x08002fa0   0x00000028   Code   RO         3087    i.__ARM_fpclassify  m_ws.l(fpclassify.o)
    0x08002fc8   0x00000026   Code   RO         3012    i.__ARM_fpclassifyf  m_ws.l(fpclassifyf.o)
    0x08002fee   0x00000002   PAD
    0x08002ff0   0x00000388   Code   RO         3028    i.__ieee754_rem_pio2  m_ws.l(rred.o)
    0x08003378   0x000000fc   Code   RO         2995    i.__kernel_cos      m_ws.l(cos_i.o)
    0x08003474   0x000000aa   Code   RO         3089    i.__kernel_poly     m_ws.l(poly.o)
    0x0800351e   0x00000002   PAD
    0x08003520   0x000000ec   Code   RO         3036    i.__kernel_sin      m_ws.l(sin_i.o)
    0x0800360c   0x00000006   Code   RO         2999    i.__mathlib_dbl_infnan  m_ws.l(dunder.o)
    0x08003612   0x0000000c   Code   RO         3001    i.__mathlib_dbl_invalid  m_ws.l(dunder.o)
    0x0800361e   0x00000002   PAD
    0x08003620   0x00000010   Code   RO         3004    i.__mathlib_dbl_underflow  m_ws.l(dunder.o)
    0x08003630   0x00000006   Code   RO         3015    i.__mathlib_flt_infnan  m_ws.l(funder.o)
    0x08003636   0x00000008   Code   RO         3017    i.__mathlib_flt_invalid  m_ws.l(funder.o)
    0x0800363e   0x0000000a   Code   RO         3020    i.__mathlib_flt_underflow  m_ws.l(funder.o)
    0x08003648   0x00000168   Code   RO         3033    i.__mathlib_rredf2  m_ws.l(rredf.o)
    0x080037b0   0x0000000e   Code   RO         3107    i.__scatterload_copy  mc_w.l(handlers.o)
    0x080037be   0x00000002   Code   RO         3108    i.__scatterload_null  mc_w.l(handlers.o)
    0x080037c0   0x0000000e   Code   RO         3109    i.__scatterload_zeroinit  mc_w.l(handlers.o)
    0x080037ce   0x00000002   PAD
    0x080037d0   0x0000000c   Code   RO         3067    i.__set_errno       mc_w.l(errno.o)
    0x080037dc   0x000002c0   Code   RO         2848    i._printf_core      mc_w.l(printf5.o)
    0x08003a9c   0x0000009c   Code   RO          281    i.calc_pulse_rate   ecg.o
    0x08003b38   0x00000084   Code   RO          355    i.calc_spo2         spo2check.o
    0x08003bbc   0x0000009c   Code   RO         2668    i.cos               m_ws.l(cos.o)
    0x08003c58   0x00000090   Code   RO          282    i.detect_peak       ecg.o
    0x08003ce8   0x00000010   Code   RO          660    i.fputc             uart1.o
    0x08003cf8   0x000000a4   Code   RO            6    i.main              main.o
    0x08003d9c   0x00000050   Code   RO          356    i.max               spo2check.o
    0x08003dec   0x00000044   Code   RO          283    i.median            ecg.o
    0x08003e30   0x00000050   Code   RO          357    i.min               spo2check.o
    0x08003e80   0x000000a0   Code   RO         2676    i.sin               m_ws.l(sin.o)
    0x08003f20   0x0000002c   Code   RO         2684    i.sqrtf             m_ws.l(sqrtf.o)
    0x08003f4c   0x00000174   Code   RO         2692    i.tanf              m_ws.l(tanf.o)
    0x080040c0   0x0000003c   Data   RO          286    .constdata          ecg.o
    0x080040fc   0x0000002c   Data   RO          359    .constdata          spo2check.o
    0x08004128   0x00000030   Data   RO         2996    .constdata          m_ws.l(cos_i.o)
    0x08004158   0x000000c8   Data   RO         3030    .constdata          m_ws.l(rred.o)
    0x08004220   0x00000020   Data   RO         3034    .constdata          m_ws.l(rredf.o)
    0x08004240   0x00000028   Data   RO         3037    .constdata          m_ws.l(sin_i.o)
    0x08004268   0x00000020   Data   RO         3105    Region$$Table       anon$$obj.o


    Execution Region RW_IRAM1 (Base: 0x20000000, Size: 0x000036f8, Max: 0x0000c000, ABSOLUTE)

    Base Addr    Size         Type   Attr      Idx    E Section Name        Object

    0x20000000   0x0000001c   Data   RW            7    .data               main.o
    0x2000001c   0x00000002   Data   RW          155    .data               led.o
    0x2000001e   0x00000003   Data   RW          202    .data               packunpack.o
    0x20000021   0x00000003   PAD
    0x20000024   0x0000005d   Data   RW          287    .data               ecg.o
    0x20000081   0x00000003   PAD
    0x20000084   0x00000049   Data   RW          360    .data               spo2check.o
    0x200000cd   0x00000001   PAD
    0x200000ce   0x0000000a   Data   RW          534    .data               timer.o
    0x200000d8   0x00000001   Data   RW          662    .data               uart1.o
    0x200000d9   0x00000003   PAD
    0x200000dc   0x00000008   Data   RW          785    .data               adc.o
    0x200000e4   0x00000014   Data   RW         1232    .data               stm32f10x_rcc.o
    0x200000f8   0x00000004   Data   RW         2522    .data               systick.o
    0x200000fc   0x00000014   Data   RW         2630    .data               system_stm32f10x.o
    0x20000110   0x00000004   Data   RW         3056    .data               mc_w.l(stdout.o)
    0x20000114   0x00000004   Data   RW         3068    .data               mc_w.l(errno.o)
    0x20000118   0x0000000a   Zero   RW          201    .bss                packunpack.o
    0x20000122   0x00000002   PAD
    0x20000124   0x0000005c   Zero   RW          285    .bss                ecg.o
    0x20000180   0x00002fc0   Zero   RW          358    .bss                spo2check.o
    0x20003140   0x000000e0   Zero   RW          661    .bss                uart1.o
    0x20003220   0x000000d4   Zero   RW          784    .bss                adc.o
    0x200032f4   0x00000004   PAD
    0x200032f8   0x00000400   Zero   RW         2660    STACK               startup_stm32f10x_hd.o


==============================================================================

Image component sizes


      Code (inc. data)   RO Data    RW Data    ZI Data      Debug   Object Name

       492         58          0          8        212       5344   adc.o
         0          0          0          0          0         32   core_cm3.o
        96          6          0          0          0       1110   dac.o
       552         58         60         93         92       7459   ecg.o
       992         84          0          0          0       4612   filiter.o
       180         12          0          2          0     216663   led.o
       908        244          0         28          0     281631   main.o
       132         22          0          0          0       1671   misc.o
        20          0          0          0          0        987   nvic.o
        68         18          0          3         10       2657   packunpack.o
       190          0          0          0          0       3553   queue.o
       108          0          0          0          0       1090   rcc.o
         2          0          0          0          0        541   senddatatohost.o
      1960        502         44         73      12224      13222   spo2check.o
        36          8        304          0       1024        848   startup_stm32f10x_hd.o
       390         10          0          0          0       7876   stm32f10x_adc.o
       124         18          0          0          0       2587   stm32f10x_dac.o
       416          8          0          0          0       3610   stm32f10x_dma.o
        52         12          0          0          0       1197   stm32f10x_flash.o
       314          0          0          0          0       4521   stm32f10x_gpio.o
        24          0          0          0          0       4128   stm32f10x_it.o
       752        104          0         20          0      12529   stm32f10x_rcc.o
       264         42          0          0          0       4452   stm32f10x_tim.o
       514          6          0          0          0       8416   stm32f10x_usart.o
       328         28          0         20          0       2605   system_stm32f10x.o
       136         18          0          4          0      17611   systick.o
       558         64          0         10          0       6656   timer.o
       114          0          0          0          0       1772   u16queue.o
       552         64          0          1        224      21315   uart1.o

    ----------------------------------------------------------------------
     10292       1386        440        272      13792     640695   Object Totals
         0          0         32          0          0          0   (incl. Generated)
        18          0          0         10          6          0   (incl. Padding)

    ----------------------------------------------------------------------

      Code (inc. data)   RO Data    RW Data    ZI Data      Debug   Library Member Name

       156          8          0          0          0        104   cos.o
       252         22         48          0          0        124   cos_i.o
        34          6          0          0          0        204   dunder.o
        40          0          0          0          0         68   fpclassify.o
        38          0          0          0          0         68   fpclassifyf.o
        24          0          0          0          0        204   funder.o
       170          0          0          0          0         96   poly.o
       904         76        200          0          0        140   rred.o
       360         16         32          0          0         88   rredf.o
       160         10          0          0          0        108   sin.o
       236         12         40          0          0        128   sin_i.o
        44          0          0          0          0         80   sqrtf.o
       372         58          0          0          0        124   tanf.o
         0          0          0          0          0          0   entry.o
         0          0          0          0          0          0   entry10a.o
         0          0          0          0          0          0   entry11a.o
         8          4          0          0          0          0   entry2.o
         4          0          0          0          0          0   entry5.o
         0          0          0          0          0          0   entry7b.o
         0          0          0          0          0          0   entry8b.o
         8          4          0          0          0          0   entry9a.o
        12          6          0          4          0         68   errno.o
        30          0          0          0          0          0   handlers.o
        36          8          0          0          0         68   init.o
         0          0          0          0          0          0   iusefp.o
        30          0          0          0          0         68   llshl.o
        36          0          0          0          0         68   llsshr.o
        32          0          0          0          0         68   llushr.o
        36          0          0          0          0         68   memcpya.o
        36          0          0          0          0        108   memseta.o
       736         56          0          0          0        184   printf5.o
         0          0          0          4          0          0   stdout.o
        98          0          0          0          0         92   uldiv.o
        20          0          0          0          0         68   cfcmple.o
        20          0          0          0          0         68   cfrcmple.o
        56          0          0          0          0         88   d2f.o
       334          0          0          0          0        148   dadd.o
       222          0          0          0          0        100   ddiv.o
       186          0          0          0          0        176   depilogue.o
        62          0          0          0          0         80   dfixi.o
        34          0          0          0          0         76   dflti.o
        26          0          0          0          0         76   dfltui.o
       228          0          0          0          0         96   dmul.o
        46          0          0          0          0         80   dscalb.o
        38          0          0          0          0         68   f2d.o
       176          0          0          0          0        140   fadd.o
       124          0          0          0          0         88   fdiv.o
       110          0          0          0          0        168   fepilogue.o
        50          0          0          0          0         68   ffixi.o
        40          0          0          0          0         68   ffixui.o
        18          0          0          0          0         68   fflti.o
        10          0          0          0          0         68   ffltui.o
       100          0          0          0          0         76   fmul.o
        60          0          0          0          0         76   frnd.o
        24          0          0          0          0         68   fscalb.o
        94          0          0          0          0         96   fsqrt.o

    ----------------------------------------------------------------------
      5980        286        320          8          0       4436   Library Totals
        10          0          0          0          0          0   (incl. Padding)

    ----------------------------------------------------------------------

      Code (inc. data)   RO Data    RW Data    ZI Data      Debug   Library Name

      2790        208        320          0          0       1536   m_ws.l
      1102         78          0          8          0        792   mc_w.l
      2078          0          0          0          0       2108   mf_w.l

    ----------------------------------------------------------------------
      5980        286        320          8          0       4436   Library Totals

    ----------------------------------------------------------------------

==============================================================================


      Code (inc. data)   RO Data    RW Data    ZI Data      Debug   

     16272       1672        760        280      13792     635455   Grand Totals
     16272       1672        760        280      13792     635455   ELF Image Totals
     16272       1672        760        280          0          0   ROM Totals

==============================================================================

    Total RO  Size (Code + RO Data)                17032 (  16.63kB)
    Total RW  Size (RW Data + ZI Data)             14072 (  13.74kB)
    Total ROM Size (Code + RO Data + RW Data)      17312 (  16.91kB)

==============================================================================

